******************************************************************************
             TMS320C2000 Linker PC v6.2.0                      
******************************************************************************
>> Linked Sat Jan 05 14:12:26 2019

OUTPUT FILE NAME:   <28335-C-D-PMSM-FOC.out>
ENTRY POINT SYMBOL: "_c_int00"  address: 003396e0


MEMORY CONFIGURATION

         name            origin    length      used     unused   attr    fill
----------------------  --------  ---------  --------  --------  ----  --------
PAGE 0:
  ZONE0                 00004000   00001000  00000000  00001000  RWIX
  RAML0                 00008000   00001000  0000005c  00000fa4  RWIX
  RAML1                 00009000   00001000  00000000  00001000  RWIX
  RAML2                 0000a000   00001000  00000000  00001000  RWIX
  RAML3                 0000b000   00001000  00000000  00001000  RWIX
  ZONE6                 00100000   00100000  00000000  00100000  RWIX
  ZONE7A                00200000   0000fc00  00000000  0000fc00  RWIX
  FLASHH                00300000   00008000  00000000  00008000  RWIX
  FLASHG                00308000   00008000  00000000  00008000  RWIX
  FLASHF                00310000   00008000  00000000  00008000  RWIX
  FLASHE                00318000   00008000  00000000  00008000  RWIX
  FLASHD                00320000   00008000  0000005c  00007fa4  RWIX
  FLASHC                00328000   00008000  0000005d  00007fa3  RWIX
  FLASHA                00338000   00007f80  00001e5c  00006124  RWIX
  CSM_RSVD              0033ff80   00000076  00000000  00000076  RWIX
  BEGIN                 0033fff6   00000002  00000002  00000000  RWIX
  CSM_PWL               0033fff8   00000008  00000000  00000008  RWIX
  ADC_CAL               00380080   00000009  00000007  00000002  RWIX
  OTP                   00380400   00000400  00000000  00000400  RWIX
  IQTABLES              003fe000   00000b50  00000b50  00000000  RWIX
  IQTABLES2             003feb50   0000008c  00000000  0000008c  RWIX
  FPUTABLES             003febdc   000006a0  00000000  000006a0  RWIX
  ROM                   003ff27c   00000d44  00000000  00000d44  RWIX
  RESET                 003fffc0   00000002  00000000  00000002  RWIX
  VECTORS               003fffc2   0000003e  00000000  0000003e  RWIX

PAGE 1:
  BOOT_RSVD             00000000   00000050  00000000  00000050  RWIX
  RAMM0                 00000050   000003b0  00000000  000003b0  RWIX
  RAMM1                 00000400   00000400  00000400  00000000  RWIX
  DEV_EMU               00000880   00000180  000000d0  000000b0  RWIX
  FLASH_REGS            00000a80   00000060  00000008  00000058  RWIX
  CSM                   00000ae0   00000010  00000010  00000000  RWIX
  ADC_MIRROR            00000b00   00000010  00000010  00000000  RWIX
  XINTF                 00000b20   00000020  0000001e  00000002  RWIX
  CPU_TIMER0            00000c00   00000008  00000008  00000000  RWIX
  CPU_TIMER1            00000c08   00000008  00000008  00000000  RWIX
  CPU_TIMER2            00000c10   00000008  00000008  00000000  RWIX
  PIE_CTRL              00000ce0   00000020  0000001a  00000006  RWIX
  PIE_VECT              00000d00   00000100  00000100  00000000  RWIX
  DMA                   00001000   00000200  000000e0  00000120  RWIX
  MCBSPA                00005000   00000040  00000025  0000001b  RWIX
  MCBSPB                00005040   00000040  00000025  0000001b  RWIX
  ECANA                 00006000   00000040  00000034  0000000c  RWIX
  ECANA_LAM             00006040   00000040  00000040  00000000  RWIX
  ECANA_MOTS            00006080   00000040  00000040  00000000  RWIX
  ECANA_MOTO            000060c0   00000040  00000040  00000000  RWIX
  ECANA_MBOX            00006100   00000100  00000100  00000000  RWIX
  ECANB                 00006200   00000040  00000034  0000000c  RWIX
  ECANB_LAM             00006240   00000040  00000040  00000000  RWIX
  ECANB_MOTS            00006280   00000040  00000040  00000000  RWIX
  ECANB_MOTO            000062c0   00000040  00000040  00000000  RWIX
  ECANB_MBOX            00006300   00000100  00000100  00000000  RWIX
  EPWM1                 00006800   00000022  00000022  00000000  RWIX
  EPWM2                 00006840   00000022  00000022  00000000  RWIX
  EPWM3                 00006880   00000022  00000022  00000000  RWIX
  EPWM4                 000068c0   00000022  00000022  00000000  RWIX
  EPWM5                 00006900   00000022  00000022  00000000  RWIX
  EPWM6                 00006940   00000022  00000022  00000000  RWIX
  ECAP1                 00006a00   00000020  00000020  00000000  RWIX
  ECAP2                 00006a20   00000020  00000020  00000000  RWIX
  ECAP3                 00006a40   00000020  00000020  00000000  RWIX
  ECAP4                 00006a60   00000020  00000020  00000000  RWIX
  ECAP5                 00006a80   00000020  00000020  00000000  RWIX
  ECAP6                 00006aa0   00000020  00000020  00000000  RWIX
  EQEP1                 00006b00   00000040  00000040  00000000  RWIX
  EQEP2                 00006b40   00000040  00000040  00000000  RWIX
  GPIOCTRL              00006f80   00000040  0000002e  00000012  RWIX
  GPIODAT               00006fc0   00000020  00000020  00000000  RWIX
  GPIOINT               00006fe0   00000020  0000000a  00000016  RWIX
  SYSTEM                00007010   00000020  00000020  00000000  RWIX
  SPIA                  00007040   00000010  00000010  00000000  RWIX
  SCIA                  00007050   00000010  00000010  00000000  RWIX
  XINTRUPT              00007070   00000010  00000010  00000000  RWIX
  ADC                   00007100   00000020  0000001e  00000002  RWIX
  SCIB                  00007750   00000010  00000010  00000000  RWIX
  SCIC                  00007770   00000010  00000010  00000000  RWIX
  I2CA                  00007900   00000040  00000022  0000001e  RWIX
  RAML4                 0000c000   00001000  00000960  000006a0  RWIX
  RAML5                 0000d000   00001000  00000000  00001000  RWIX
  RAML6                 0000e000   00001000  00000000  00001000  RWIX
  RAML7                 0000f000   00001000  00000000  00001000  RWIX
  ZONE7B                0020fc00   00000400  00000000  00000400  RWIX
  FLASHB                00330000   00008000  00000000  00008000  RWIX
  CSM_PWL               0033fff8   00000008  00000008  00000000  RWIX
  PARTID                00380090   00000001  00000001  00000000  RWIX


SECTION ALLOCATION MAP

 output                                  attributes/
section   page    origin      length       input sections
--------  ----  ----------  ----------   ----------------
.pinit     0    00338000    00000000     UNINITIALIZED

ramfuncs   0    00320000    0000005c     RUN ADDR = 00008000
                  00320000    0000003d     TongXin.obj (ramfuncs)
                  0032003d    0000001b     DSP2833x_SysCtrl.obj (ramfuncs)
                  00320058    00000004     DSP2833x_usDelay.obj (ramfuncs)

IQmath     0    00328000    0000005d     
                  00328000    00000047     IQmath_fpu32.lib : IQ15div.obj (IQmath)
                  00328047    00000016                      : IQ15toF.obj (IQmath)

.text      0    00338000    000018a8     
                  00338000    000004e2     DSP2833x_Gpio.obj (.text)
                  003384e2    0000036a     DSP2833x_Adc.obj (.text)
                  0033884c    00000316     DSP2833x_DefaultIsr.obj (.text:retain)
                  00338b62    00000270     128x64.obj (.text)
                  00338dd2    00000241     DSP2833x_EPwm.obj (.text)
                  00339013    0000019b     Dis.obj (.text)
                  003391ae    00000188     Main.obj (.text:retain)
                  00339336    000000f1     DSP2833x_SysCtrl.obj (.text)
                  00339427    000000a9     TongXin.obj (.text)
                  003394d0    00000091     Main.obj (.text)
                  00339561    00000088     rts2800_fpu32.lib : fs_div.obj (.text)
                  003395e9    00000083                       : fd_mpy.obj (.text)
                  0033966c    00000074     DSP2833x_CpuTimers.obj (.text)
                  003396e0    00000046     rts2800_fpu32.lib : boot.obj (.text)
                  00339726    00000034     DSP2833x_Spi.obj (.text)
                  0033975a    00000032     DSP2833x_Sci.obj (.text)
                  0033978c    00000028     DSP2833x_PieCtrl.obj (.text)
                  003397b4    00000020     DSP2833x_PieVect.obj (.text)
                  003397d4    0000001f     rts2800_fpu32.lib : fd_tol.obj (.text)
                  003397f3    0000001d                       : i_tofd.obj (.text)
                  00339810    0000001c                       : fs_tofd.obj (.text)
                  0033982c    0000001b                       : args_main.obj (.text)
                  00339847    00000019                       : exit.obj (.text)
                  00339860    00000017                       : u_tofd.obj (.text)
                  00339877    00000015     DSP2833x_MemCopy.obj (.text)
                  0033988c    0000000b     rts2800_fpu32.lib : u_div.obj (.text)
                  00339897    00000009                       : _lock.obj (.text)
                  003398a0    00000008     DSP2833x_CodeStartBranch.obj (.text)

.cinit     0    003398a8    0000031e     
                  003398a8    00000204     Main.obj (.cinit)
                  00339aac    00000061     DSP2833x_Adc.obj (.cinit)
                  00339b0d    00000034     Dis.obj (.cinit)
                  00339b41    0000002f     128x64.obj (.cinit)
                  00339b70    00000022     TongXin.obj (.cinit)
                  00339b92    0000001a     DSP2833x_Gpio.obj (.cinit)
                  00339bac    0000000a     rts2800_fpu32.lib : _lock.obj (.cinit)
                  00339bb6    0000000a                       : exit.obj (.cinit)
                  00339bc0    00000004     DSP2833x_Sci.obj (.cinit)
                  00339bc4    00000002     --HOLE-- [fill = 0]

.econst    0    00339bc6    00000296     
                  00339bc6    00000100     DSP2833x_PieVect.obj (.econst)
                  00339cc6    00000100     TongXin.obj (.econst:_crc16_table)
                  00339dc6    0000008d     128x64.obj (.econst:.string)
                  00339e53    00000001     --HOLE-- [fill = 0]
                  00339e54    00000004     DSP2833x_Adc.obj (.econst)
                  00339e58    00000004     Main.obj (.econst)

codestart 
*          0    0033fff6    00000002     
                  0033fff6    00000002     DSP2833x_CodeStartBranch.obj (codestart)

.adc_cal   0    00380080    00000007     NOLOAD SECTION
                  00380080    00000007     DSP2833x_ADC_cal.obj (.adc_cal)

IQmathTables 
*          0    003fe000    00000b50     NOLOAD SECTION
                  003fe000    00000b50     IQmath_fpu32.lib : IQmathTables.obj (IQmathTables)

.reset     0    003fffc0    00000002     DSECT
                  003fffc0    00000002     rts2800_fpu32.lib : boot.obj (.reset)

vectors    0    003fffc2    00000000     DSECT

.stack     1    00000400    00000400     UNINITIALIZED
                  00000400    00000400     --HOLE--

DevEmuRegsFile 
*          1    00000880    000000d0     UNINITIALIZED
                  00000880    000000d0     DSP2833x_GlobalVariableDefs.obj (DevEmuRegsFile)

FlashRegsFile 
*          1    00000a80    00000008     UNINITIALIZED
                  00000a80    00000008     DSP2833x_GlobalVariableDefs.obj (FlashRegsFile)

CsmRegsFile 
*          1    00000ae0    00000010     UNINITIALIZED
                  00000ae0    00000010     DSP2833x_GlobalVariableDefs.obj (CsmRegsFile)

AdcMirrorFile 
*          1    00000b00    00000010     UNINITIALIZED
                  00000b00    00000010     DSP2833x_GlobalVariableDefs.obj (AdcMirrorFile)

XintfRegsFile 
*          1    00000b20    0000001e     UNINITIALIZED
                  00000b20    0000001e     DSP2833x_GlobalVariableDefs.obj (XintfRegsFile)

CpuTimer0RegsFile 
*          1    00000c00    00000008     UNINITIALIZED
                  00000c00    00000008     DSP2833x_GlobalVariableDefs.obj (CpuTimer0RegsFile)

CpuTimer1RegsFile 
*          1    00000c08    00000008     UNINITIALIZED
                  00000c08    00000008     DSP2833x_GlobalVariableDefs.obj (CpuTimer1RegsFile)

CpuTimer2RegsFile 
*          1    00000c10    00000008     UNINITIALIZED
                  00000c10    00000008     DSP2833x_GlobalVariableDefs.obj (CpuTimer2RegsFile)

PieCtrlRegsFile 
*          1    00000ce0    0000001a     UNINITIALIZED
                  00000ce0    0000001a     DSP2833x_GlobalVariableDefs.obj (PieCtrlRegsFile)

PieVectTableFile 
*          1    00000d00    00000100     UNINITIALIZED
                  00000d00    00000100     DSP2833x_GlobalVariableDefs.obj (PieVectTableFile)

DmaRegsFile 
*          1    00001000    000000e0     UNINITIALIZED
                  00001000    000000e0     DSP2833x_GlobalVariableDefs.obj (DmaRegsFile)

McbspaRegsFile 
*          1    00005000    00000025     UNINITIALIZED
                  00005000    00000025     DSP2833x_GlobalVariableDefs.obj (McbspaRegsFile)

McbspbRegsFile 
*          1    00005040    00000025     UNINITIALIZED
                  00005040    00000025     DSP2833x_GlobalVariableDefs.obj (McbspbRegsFile)

ECanaRegsFile 
*          1    00006000    00000034     UNINITIALIZED
                  00006000    00000034     DSP2833x_GlobalVariableDefs.obj (ECanaRegsFile)

ECanaLAMRegsFile 
*          1    00006040    00000040     UNINITIALIZED
                  00006040    00000040     DSP2833x_GlobalVariableDefs.obj (ECanaLAMRegsFile)

ECanaMOTSRegsFile 
*          1    00006080    00000040     UNINITIALIZED
                  00006080    00000040     DSP2833x_GlobalVariableDefs.obj (ECanaMOTSRegsFile)

ECanaMOTORegsFile 
*          1    000060c0    00000040     UNINITIALIZED
                  000060c0    00000040     DSP2833x_GlobalVariableDefs.obj (ECanaMOTORegsFile)

ECanaMboxesFile 
*          1    00006100    00000100     UNINITIALIZED
                  00006100    00000100     DSP2833x_GlobalVariableDefs.obj (ECanaMboxesFile)

ECanbRegsFile 
*          1    00006200    00000034     UNINITIALIZED
                  00006200    00000034     DSP2833x_GlobalVariableDefs.obj (ECanbRegsFile)

ECanbLAMRegsFile 
*          1    00006240    00000040     UNINITIALIZED
                  00006240    00000040     DSP2833x_GlobalVariableDefs.obj (ECanbLAMRegsFile)

ECanbMOTSRegsFile 
*          1    00006280    00000040     UNINITIALIZED
                  00006280    00000040     DSP2833x_GlobalVariableDefs.obj (ECanbMOTSRegsFile)

ECanbMOTORegsFile 
*          1    000062c0    00000040     UNINITIALIZED
                  000062c0    00000040     DSP2833x_GlobalVariableDefs.obj (ECanbMOTORegsFile)

ECanbMboxesFile 
*          1    00006300    00000100     UNINITIALIZED
                  00006300    00000100     DSP2833x_GlobalVariableDefs.obj (ECanbMboxesFile)

EPwm1RegsFile 
*          1    00006800    00000022     UNINITIALIZED
                  00006800    00000022     DSP2833x_GlobalVariableDefs.obj (EPwm1RegsFile)

EPwm2RegsFile 
*          1    00006840    00000022     UNINITIALIZED
                  00006840    00000022     DSP2833x_GlobalVariableDefs.obj (EPwm2RegsFile)

EPwm3RegsFile 
*          1    00006880    00000022     UNINITIALIZED
                  00006880    00000022     DSP2833x_GlobalVariableDefs.obj (EPwm3RegsFile)

EPwm4RegsFile 
*          1    000068c0    00000022     UNINITIALIZED
                  000068c0    00000022     DSP2833x_GlobalVariableDefs.obj (EPwm4RegsFile)

EPwm5RegsFile 
*          1    00006900    00000022     UNINITIALIZED
                  00006900    00000022     DSP2833x_GlobalVariableDefs.obj (EPwm5RegsFile)

EPwm6RegsFile 
*          1    00006940    00000022     UNINITIALIZED
                  00006940    00000022     DSP2833x_GlobalVariableDefs.obj (EPwm6RegsFile)

ECap1RegsFile 
*          1    00006a00    00000020     UNINITIALIZED
                  00006a00    00000020     DSP2833x_GlobalVariableDefs.obj (ECap1RegsFile)

ECap2RegsFile 
*          1    00006a20    00000020     UNINITIALIZED
                  00006a20    00000020     DSP2833x_GlobalVariableDefs.obj (ECap2RegsFile)

ECap3RegsFile 
*          1    00006a40    00000020     UNINITIALIZED
                  00006a40    00000020     DSP2833x_GlobalVariableDefs.obj (ECap3RegsFile)

ECap4RegsFile 
*          1    00006a60    00000020     UNINITIALIZED
                  00006a60    00000020     DSP2833x_GlobalVariableDefs.obj (ECap4RegsFile)

ECap5RegsFile 
*          1    00006a80    00000020     UNINITIALIZED
                  00006a80    00000020     DSP2833x_GlobalVariableDefs.obj (ECap5RegsFile)

ECap6RegsFile 
*          1    00006aa0    00000020     UNINITIALIZED
                  00006aa0    00000020     DSP2833x_GlobalVariableDefs.obj (ECap6RegsFile)

EQep1RegsFile 
*          1    00006b00    00000040     UNINITIALIZED
                  00006b00    00000040     DSP2833x_GlobalVariableDefs.obj (EQep1RegsFile)

EQep2RegsFile 
*          1    00006b40    00000040     UNINITIALIZED
                  00006b40    00000040     DSP2833x_GlobalVariableDefs.obj (EQep2RegsFile)

GpioCtrlRegsFile 
*          1    00006f80    0000002e     UNINITIALIZED
                  00006f80    0000002e     DSP2833x_GlobalVariableDefs.obj (GpioCtrlRegsFile)

GpioDataRegsFile 
*          1    00006fc0    00000020     UNINITIALIZED
                  00006fc0    00000020     DSP2833x_GlobalVariableDefs.obj (GpioDataRegsFile)

GpioIntRegsFile 
*          1    00006fe0    0000000a     UNINITIALIZED
                  00006fe0    0000000a     DSP2833x_GlobalVariableDefs.obj (GpioIntRegsFile)

SysCtrlRegsFile 
*          1    00007010    00000020     UNINITIALIZED
                  00007010    00000020     DSP2833x_GlobalVariableDefs.obj (SysCtrlRegsFile)

SpiaRegsFile 
*          1    00007040    00000010     UNINITIALIZED
                  00007040    00000010     DSP2833x_GlobalVariableDefs.obj (SpiaRegsFile)

SciaRegsFile 
*          1    00007050    00000010     UNINITIALIZED
                  00007050    00000010     DSP2833x_GlobalVariableDefs.obj (SciaRegsFile)

XIntruptRegsFile 
*          1    00007070    00000010     UNINITIALIZED
                  00007070    00000010     DSP2833x_GlobalVariableDefs.obj (XIntruptRegsFile)

AdcRegsFile 
*          1    00007100    0000001e     UNINITIALIZED
                  00007100    0000001e     DSP2833x_GlobalVariableDefs.obj (AdcRegsFile)

ScibRegsFile 
*          1    00007750    00000010     UNINITIALIZED
                  00007750    00000010     DSP2833x_GlobalVariableDefs.obj (ScibRegsFile)

ScicRegsFile 
*          1    00007770    00000010     UNINITIALIZED
                  00007770    00000010     DSP2833x_GlobalVariableDefs.obj (ScicRegsFile)

I2caRegsFile 
*          1    00007900    00000022     UNINITIALIZED
                  00007900    00000022     DSP2833x_GlobalVariableDefs.obj (I2caRegsFile)

.ebss      1    0000c000    00000960     UNINITIALIZED
                  0000c000    00000812     TongXin.obj (.ebss)
                  0000c812    0000002a     DSP2833x_Adc.obj (.ebss)
                  0000c83c    00000004     rts2800_fpu32.lib : _lock.obj (.ebss)
                  0000c840    000000c4     Main.obj (.ebss)
                  0000c904    00000028     128x64.obj (.ebss)
                  0000c92c    0000000d     Dis.obj (.ebss)
                  0000c939    00000001     DSP2833x_Sci.obj (.ebss)
                  0000c93a    00000004     rts2800_fpu32.lib : exit.obj (.ebss)
                  0000c93e    00000002     --HOLE--
                  0000c940    00000018     DSP2833x_CpuTimers.obj (.ebss)
                  0000c958    00000008     DSP2833x_Gpio.obj (.ebss)

CsmPwlFile 
*          1    0033fff8    00000008     UNINITIALIZED
                  0033fff8    00000008     DSP2833x_GlobalVariableDefs.obj (CsmPwlFile)

PartIdRegsFile 
*          1    00380090    00000001     UNINITIALIZED
                  00380090    00000001     DSP2833x_GlobalVariableDefs.obj (PartIdRegsFile)


GLOBAL DATA SYMBOLS: SORTED BY DATA PAGE

address     data page           name
--------    ----------------    ----
00000400      10 (00000400)     __stack

00000880      22 (00000880)     _DevEmuRegs

00000a80      2a (00000a80)     _FlashRegs

00000ae0      2b (00000ac0)     _CsmRegs

00000b00      2c (00000b00)     _AdcMirror
00000b20      2c (00000b00)     _XintfRegs

00000c00      30 (00000c00)     _CpuTimer0Regs
00000c08      30 (00000c00)     _CpuTimer1Regs
00000c10      30 (00000c00)     _CpuTimer2Regs

00000ce0      33 (00000cc0)     _PieCtrlRegs

00000d00      34 (00000d00)     _PieVectTable

00001000      40 (00001000)     _DmaRegs

00005000     140 (00005000)     _McbspaRegs

00005040     141 (00005040)     _McbspbRegs

00006000     180 (00006000)     _ECanaRegs

00006040     181 (00006040)     _ECanaLAMRegs

00006080     182 (00006080)     _ECanaMOTSRegs

000060c0     183 (000060c0)     _ECanaMOTORegs

00006100     184 (00006100)     _ECanaMboxes

00006200     188 (00006200)     _ECanbRegs

00006240     189 (00006240)     _ECanbLAMRegs

00006280     18a (00006280)     _ECanbMOTSRegs

000062c0     18b (000062c0)     _ECanbMOTORegs

00006300     18c (00006300)     _ECanbMboxes

00006800     1a0 (00006800)     _EPwm1Regs

00006840     1a1 (00006840)     _EPwm2Regs

00006880     1a2 (00006880)     _EPwm3Regs

000068c0     1a3 (000068c0)     _EPwm4Regs

00006900     1a4 (00006900)     _EPwm5Regs

00006940     1a5 (00006940)     _EPwm6Regs

00006a00     1a8 (00006a00)     _ECap1Regs
00006a20     1a8 (00006a00)     _ECap2Regs

00006a40     1a9 (00006a40)     _ECap3Regs
00006a60     1a9 (00006a40)     _ECap4Regs

00006a80     1aa (00006a80)     _ECap5Regs
00006aa0     1aa (00006a80)     _ECap6Regs

00006b00     1ac (00006b00)     _EQep1Regs

00006b40     1ad (00006b40)     _EQep2Regs

00006f80     1be (00006f80)     _GpioCtrlRegs

00006fc0     1bf (00006fc0)     _GpioDataRegs
00006fe0     1bf (00006fc0)     _GpioIntRegs

00007010     1c0 (00007000)     _SysCtrlRegs

00007040     1c1 (00007040)     _SpiaRegs
00007050     1c1 (00007040)     _SciaRegs
00007070     1c1 (00007040)     _XIntruptRegs

00007100     1c4 (00007100)     _AdcRegs

00007750     1dd (00007740)     _ScibRegs
00007770     1dd (00007740)     _ScicRegs

00007900     1e4 (00007900)     _I2caRegs

0000c000     300 (0000c000)     _LuBo_OK
0000c002     300 (0000c000)     _KaiShiTongXin
0000c003     300 (0000c000)     _RS232_OK
0000c004     300 (0000c000)     _RS232_CNT
0000c006     300 (0000c000)     _RS232_RX

0000c040     301 (0000c040)     _RS232_TX

0000c812     320 (0000c800)     _ADC_W
0000c813     320 (0000c800)     _ADC_U
0000c814     320 (0000c800)     _HALL_W
0000c815     320 (0000c800)     _I_B
0000c816     320 (0000c800)     _I_A
0000c817     320 (0000c800)     _HALL_U
0000c818     320 (0000c800)     _I_C
0000c81b     320 (0000c800)     _DC_ON_flag
0000c81c     320 (0000c800)     _GuoliuZhi
0000c81d     320 (0000c800)     _U_dc_dis
0000c81e     320 (0000c800)     _DC_ON_OPEN
0000c81f     320 (0000c800)     _O_Current
0000c820     320 (0000c800)     _U_dc
0000c822     320 (0000c800)     _DC_ON_CNT
0000c824     320 (0000c800)     _IA_MAX
0000c826     320 (0000c800)     _IB_MAX
0000c82a     320 (0000c800)     _IC_MAX
0000c82c     320 (0000c800)     _AD_BUF
0000c83c     320 (0000c800)     __unlock
0000c83e     320 (0000c800)     __lock

0000c840     321 (0000c840)     _IsrTicker
0000c841     321 (0000c840)     _speed_give
0000c842     321 (0000c840)     _T1Period
0000c843     321 (0000c840)     _BackTicker
0000c844     321 (0000c840)     _HallAngle
0000c845     321 (0000c840)     _Hall_Fault
0000c846     321 (0000c840)     _Run_BLDC
0000c847     321 (0000c840)     _Sector
0000c848     321 (0000c840)     _DirectionQep
0000c849     321 (0000c840)     _MPeriod
0000c84a     321 (0000c840)     _T3Period
0000c84b     321 (0000c840)     _SpeedLoopCount
0000c84c     321 (0000c840)     _SpeedLoopPrescaler
0000c84d     321 (0000c840)     _Speed_run
0000c84e     321 (0000c840)     _ShangDian_Err
0000c84f     321 (0000c840)     _ZhanKongBi
0000c850     321 (0000c840)     _TotalCnt
0000c851     321 (0000c840)     _BuChang
0000c852     321 (0000c840)     _BaseSpeed
0000c854     321 (0000c840)     _Ualfa
0000c856     321 (0000c840)     _Speed_OutMin
0000c858     321 (0000c840)     _Speed_SatError
0000c85a     321 (0000c840)     _Speed_OutMax
0000c85c     321 (0000c840)     _Ud
0000c85e     321 (0000c840)     _IQ_OutPreSat
0000c860     321 (0000c840)     _Ubeta
0000c862     321 (0000c840)     _Speed_Out
0000c864     321 (0000c840)     _IQ_Ui
0000c866     321 (0000c840)     _Speed_OutPreSat
0000c868     321 (0000c840)     _Speed_Ui
0000c86a     321 (0000c840)     _IQ_SatError
0000c86c     321 (0000c840)     _Speed_Given
0000c86e     321 (0000c840)     _IQ_OutMin
0000c870     321 (0000c840)     _IQ_Out
0000c872     321 (0000c840)     _IQ_OutMax
0000c874     321 (0000c840)     _Speed_Up
0000c876     321 (0000c840)     _Speed_Up1
0000c878     321 (0000c840)     _Speed_Fdb
0000c87a     321 (0000c840)     _Speed_Error
0000c87c     321 (0000c840)     _Speed_Ref
0000c87e     321 (0000c840)     _TEMP2

0000c880     322 (0000c880)     _MechScaler
0000c882     322 (0000c880)     _LineEncoder
0000c884     322 (0000c880)     _MfuncD2
0000c886     322 (0000c880)     _MfuncD3
0000c888     322 (0000c880)     _MfuncD1
0000c88a     322 (0000c880)     _Speed_Ki
0000c88c     322 (0000c880)     _E_Ding_DianLiu
0000c88e     322 (0000c880)     _Speed_Kp
0000c890     322 (0000c880)     _RawCnt1
0000c892     322 (0000c880)     _RawCnt2
0000c894     322 (0000c880)     _SpeedScaler
0000c896     322 (0000c880)     _X
0000c898     322 (0000c880)     _Y
0000c89a     322 (0000c880)     _B2
0000c89c     322 (0000c880)     _B0
0000c89e     322 (0000c880)     _B1
0000c8a0     322 (0000c880)     _Uq
0000c8a2     322 (0000c880)     _Tb
0000c8a4     322 (0000c880)     _Tc
0000c8a6     322 (0000c880)     _Ta
0000c8a8     322 (0000c880)     _t1
0000c8aa     322 (0000c880)     _t2
0000c8ac     322 (0000c880)     _MechTheta
0000c8ae     322 (0000c880)     _ElecTheta
0000c8b0     322 (0000c880)     _TotalPulse
0000c8b2     322 (0000c880)     _RawTheta
0000c8b4     322 (0000c880)     _OldRawThetaPos
0000c8b6     322 (0000c880)     _Speed
0000c8b8     322 (0000c880)     _ib
0000c8ba     322 (0000c880)     _ic
0000c8bc     322 (0000c880)     _ia
0000c8be     322 (0000c880)     _Cosine

0000c8c0     323 (0000c8c0)     _Sine
0000c8c2     323 (0000c8c0)     _AnglePU
0000c8c4     323 (0000c8c0)     _j
0000c8c6     323 (0000c8c0)     _k
0000c8c8     323 (0000c8c0)     _i
0000c8ca     323 (0000c8c0)     _RawThetaTmp
0000c8cc     323 (0000c8c0)     _SpeedRef
0000c8ce     323 (0000c8c0)     _SpeedRpm
0000c8d0     323 (0000c8c0)     _NewRawTheta
0000c8d2     323 (0000c8c0)     _OldRawTheta
0000c8d4     323 (0000c8c0)     _ID_Out
0000c8d6     323 (0000c8c0)     _IQ_Given
0000c8d8     323 (0000c8c0)     _ID_OutMin
0000c8da     323 (0000c8c0)     _ID_SatError
0000c8dc     323 (0000c8c0)     _ID_OutMax
0000c8de     323 (0000c8c0)     _ID_OutPreSat
0000c8e0     323 (0000c8c0)     _IQ_Up1
0000c8e2     323 (0000c8c0)     _Z
0000c8e4     323 (0000c8c0)     _IQ_Up
0000c8e6     323 (0000c8c0)     _IQ_Fdb
0000c8e8     323 (0000c8c0)     _IQ_Error
0000c8ea     323 (0000c8c0)     _IQ_Ref
0000c8ec     323 (0000c8c0)     _iq
0000c8ee     323 (0000c8c0)     _ID_Given
0000c8f0     323 (0000c8c0)     _id
0000c8f2     323 (0000c8c0)     _ibeta
0000c8f4     323 (0000c8c0)     _Tmp
0000c8f6     323 (0000c8c0)     _ialfa
0000c8f8     323 (0000c8c0)     _ID_Up1
0000c8fa     323 (0000c8c0)     _ID_Ui
0000c8fc     323 (0000c8c0)     _ID_Up
0000c8fe     323 (0000c8c0)     _ID_Fdb

0000c900     324 (0000c900)     _ID_Ref
0000c902     324 (0000c900)     _ID_Error
0000c904     324 (0000c900)     _lcd_dis_flag
0000c906     324 (0000c900)     _Lcd_Dat
0000c90c     324 (0000c900)     _addr_tab
0000c92f     324 (0000c900)     _Show_time2
0000c936     324 (0000c900)     _ch454_key
0000c937     324 (0000c900)     _Key_Flag
0000c938     324 (0000c900)     _Show_time
0000c939     324 (0000c900)     _speed_dis
0000c93a     324 (0000c900)     __cleanup_ptr
0000c93c     324 (0000c900)     __dtors_ptr

0000c940     325 (0000c940)     _CpuTimer1
0000c948     325 (0000c940)     _CpuTimer2
0000c950     325 (0000c940)     _CpuTimer0
0000c958     325 (0000c940)     _IPM_Fault
0000c959     325 (0000c940)     _OLD_HallAngle
0000c95a     325 (0000c940)     _cap_n
0000c95b     325 (0000c940)     _Hall_N

00339bc6    ce6f (00339bc0)     _PieVectTableInit

00339cc6    ce73 (00339cc0)     _crc16_table

0033fff8    cfff (0033ffc0)     _CsmPwl

00380090    e002 (00380080)     _PartIdRegs

003fe000    ff80 (003fe000)     _IQsinTable

003fe100    ff84 (003fe100)     _IQcosTable

003fe400    ff90 (003fe400)     _IQsinTableEnd

003fe502    ff94 (003fe500)     _IQcosTableEnd
003fe502    ff94 (003fe500)     _IQdivRoundSatTable
003fe510    ff94 (003fe500)     _IQdivTable

003fe712    ff9c (003fe700)     _IQdivTableEnd
003fe712    ff9c (003fe700)     _IQisqrtRoundSatTable
003fe712    ff9c (003fe700)     _IQsqrtRoundSatTable
003fe722    ff9c (003fe700)     _IQisqrtTable
003fe722    ff9c (003fe700)     _IQsqrtTable

003fe824    ffa0 (003fe800)     _IQatan2HalfPITable
003fe824    ffa0 (003fe800)     _IQisqrtTableEnd
003fe824    ffa0 (003fe800)     _IQsqrtTableEnd

003fe862    ffa1 (003fe840)     _IQatan2Table

003fe9e8    ffa7 (003fe9c0)     _IQ30mpyRndSatTable
003fe9e8    ffa7 (003fe9c0)     _IQatan2TableEnd
003fe9e8    ffa7 (003fe9c0)     _IQmpyRndSatTable
003fe9f4    ffa7 (003fe9c0)     _IQ29mpyRndSatTable

003fea00    ffa8 (003fea00)     _IQ28mpyRndSatTable
003fea0c    ffa8 (003fea00)     _IQ27mpyRndSatTable
003fea18    ffa8 (003fea00)     _IQ26mpyRndSatTable
003fea24    ffa8 (003fea00)     _IQ25mpyRndSatTable
003fea30    ffa8 (003fea00)     _IQ24mpyRndSatTable
003fea3c    ffa8 (003fea00)     _IQ23mpyRndSatTable

003fea48    ffa9 (003fea40)     _IQ22mpyRndSatTable
003fea54    ffa9 (003fea40)     _IQ21mpyRndSatTable
003fea60    ffa9 (003fea40)     _IQ20mpyRndSatTable
003fea6c    ffa9 (003fea40)     _IQ19mpyRndSatTable
003fea78    ffa9 (003fea40)     _IQ18mpyRndSatTable

003fea84    ffaa (003fea80)     _IQ17mpyRndSatTable
003fea90    ffaa (003fea80)     _IQ16mpyRndSatTable
003fea9c    ffaa (003fea80)     _IQ15mpyRndSatTable
003feaa8    ffaa (003fea80)     _IQ14mpyRndSatTable
003feab4    ffaa (003fea80)     _IQ13mpyRndSatTable

003feac0    ffab (003feac0)     _IQ12mpyRndSatTable
003feacc    ffab (003feac0)     _IQ11mpyRndSatTable
003fead8    ffab (003feac0)     _IQ10mpyRndSatTable
003feae4    ffab (003feac0)     _IQ9mpyRndSatTable
003feaf0    ffab (003feac0)     _IQ8mpyRndSatTable
003feafc    ffab (003feac0)     _IQ7mpyRndSatTable

003feb08    ffac (003feb00)     _IQ6mpyRndSatTable
003feb14    ffac (003feb00)     _IQ5mpyRndSatTable
003feb20    ffac (003feb00)     _IQ4mpyRndSatTable
003feb2c    ffac (003feb00)     _IQ3mpyRndSatTable
003feb38    ffac (003feb00)     _IQ2mpyRndSatTable

003feb44    ffad (003feb40)     _IQ1mpyRndSatTable
003feb50    ffad (003feb40)     _IQmpyRndSatTableEnd


GLOBAL SYMBOLS: SORTED ALPHABETICALLY BY Name 

address    name
--------   ----
00338000   .text
00339847   C$$EXIT
003395e9   FD$$MPY
003397d4   FD$$TOL
00339561   FS$$DIV
00339810   FS$$TOFD
003397f3   I$$TOFD
0033988c   U$$DIV
00339891   U$$MOD
00339860   U$$TOFD
00338932   _ADCINT_ISR
00338503   _ADC_Soc_Init
0000c813   _ADC_U
0000c812   _ADC_W
00380080   _ADC_cal
0000c82c   _AD_BUF
00338580   _Ad_CaiJi
00000b00   _AdcMirror
00007100   _AdcRegs
0000c8c2   _AnglePU
0000c89c   _B0
0000c89e   _B1
0000c89a   _B2
0000c843   _BackTicker
0000c852   _BaseSpeed
0000c851   _BuChang
00338109   _CPU_RUN
00339435   _CRC_16
003396a5   _ConfigCpuTimer
0000c8be   _Cosine
0000c950   _CpuTimer0
00000c00   _CpuTimer0Regs
0000c940   _CpuTimer1
00000c08   _CpuTimer1Regs
0000c948   _CpuTimer2
00000c10   _CpuTimer2Regs
0033fff8   _CsmPwl
00000ae0   _CsmRegs
003393f6   _CsmUnlock
00338e3c   _DAC1_out
00338e5c   _DAC2_out
00338860   _DATALOG_ISR
003386c9   _DC_Link
0000c822   _DC_ON_CNT
0000c81e   _DC_ON_OPEN
0000c81b   _DC_ON_flag
00338a54   _DINTCH1_ISR
00338a5e   _DINTCH2_ISR
00338a68   _DINTCH3_ISR
00338a72   _DINTCH4_ISR
00338a7c   _DINTCH5_ISR
00338a86   _DINTCH6_ISR
00008058   _DSP28x_usDelay
003384e2   _DelayUS
00338b62   _DelayUS2
00000880   _DevEmuRegs
0000c848   _DirectionQep
00339349   _DisableDog
00001000   _DmaRegs
00338ae0   _ECAN0INTA_ISR
00338af4   _ECAN0INTB_ISR
00338aea   _ECAN1INTA_ISR
00338afe   _ECAN1INTB_ISR
003389c8   _ECAP1_INT_ISR
003389d2   _ECAP2_INT_ISR
003389dc   _ECAP3_INT_ISR
003389e6   _ECAP4_INT_ISR
003389f0   _ECAP5_INT_ISR
003389fa   _ECAP6_INT_ISR
00006040   _ECanaLAMRegs
000060c0   _ECanaMOTORegs
00006080   _ECanaMOTSRegs
00006100   _ECanaMboxes
00006000   _ECanaRegs
00006240   _ECanbLAMRegs
000062c0   _ECanbMOTORegs
00006280   _ECanbMOTSRegs
00006300   _ECanbMboxes
00006200   _ECanbRegs
00006a00   _ECap1Regs
00006a20   _ECap2Regs
00006a40   _ECap3Regs
00006a60   _ECap4Regs
00006a80   _ECap5Regs
00006aa0   _ECap6Regs
00338874   _EMUINT_ISR
0033898c   _EPWM1_INT_ISR
00338950   _EPWM1_TZINT_ISR
00338996   _EPWM2_INT_ISR
0033895a   _EPWM2_TZINT_ISR
003389a0   _EPWM3_INT_ISR
00338964   _EPWM3_TZINT_ISR
003389aa   _EPWM4_INT_ISR
0033896e   _EPWM4_TZINT_ISR
003389b4   _EPWM5_INT_ISR
00338978   _EPWM5_TZINT_ISR
003389be   _EPWM6_INT_ISR
00338982   _EPWM6_TZINT_ISR
003391ae   _EPWM_1_INT
00006800   _EPwm1Regs
00006840   _EPwm2Regs
00006880   _EPwm3Regs
000068c0   _EPwm4Regs
00006900   _EPwm5Regs
00006940   _EPwm6Regs
00338a04   _EQEP1_INT_ISR
00338a0e   _EQEP2_INT_ISR
00006b00   _EQep1Regs
00006b40   _EQep2Regs
0000c88c   _E_Ding_DianLiu
0000c8ae   _ElecTheta
003397ab   _EnableInterrupts
00000a80   _FlashRegs
00338424   _Get_Hall
00006f80   _GpioCtrlRegs
00006fc0   _GpioDataRegs
00006fe0   _GpioIntRegs
0000c81c   _GuoliuZhi
0000c817   _HALL_U
0000c814   _HALL_W
0000c844   _HallAngle
0000c845   _Hall_Fault
0000c95b   _Hall_N
00338a90   _I2CINT1A_ISR
00338a9a   _I2CINT2A_ISR
00007900   _I2caRegs
0000c824   _IA_MAX
0000c826   _IB_MAX
0000c82a   _IC_MAX
0000c902   _ID_Error
0000c8fe   _ID_Fdb
0000c8ee   _ID_Given
0000c8d4   _ID_Out
0000c8dc   _ID_OutMax
0000c8d8   _ID_OutMin
0000c8de   _ID_OutPreSat
0000c900   _ID_Ref
0000c8da   _ID_SatError
0000c8fa   _ID_Ui
0000c8fc   _ID_Up
0000c8f8   _ID_Up1
00338888   _ILLEGAL_ISR
0033884c   _INT13_ISR
00338856   _INT14_ISR
00339325   _INT3_ISR
003381d7   _IPM_BaoHu
0000c958   _IPM_Fault
003fead8   _IQ10mpyRndSatTable
003feacc   _IQ11mpyRndSatTable
003feac0   _IQ12mpyRndSatTable
003feab4   _IQ13mpyRndSatTable
003feaa8   _IQ14mpyRndSatTable
003fea9c   _IQ15mpyRndSatTable
003fea90   _IQ16mpyRndSatTable
003fea84   _IQ17mpyRndSatTable
003fea78   _IQ18mpyRndSatTable
003fea6c   _IQ19mpyRndSatTable
003feb44   _IQ1mpyRndSatTable
003fea60   _IQ20mpyRndSatTable
003fea54   _IQ21mpyRndSatTable
003fea48   _IQ22mpyRndSatTable
003fea3c   _IQ23mpyRndSatTable
003fea30   _IQ24mpyRndSatTable
003fea24   _IQ25mpyRndSatTable
003fea18   _IQ26mpyRndSatTable
003fea0c   _IQ27mpyRndSatTable
003fea00   _IQ28mpyRndSatTable
003fe9f4   _IQ29mpyRndSatTable
003feb38   _IQ2mpyRndSatTable
003fe9e8   _IQ30mpyRndSatTable
003feb2c   _IQ3mpyRndSatTable
003feb20   _IQ4mpyRndSatTable
003feb14   _IQ5mpyRndSatTable
003feb08   _IQ6mpyRndSatTable
003feafc   _IQ7mpyRndSatTable
003feaf0   _IQ8mpyRndSatTable
003feae4   _IQ9mpyRndSatTable
0000c8e8   _IQ_Error
0000c8e6   _IQ_Fdb
0000c8d6   _IQ_Given
0000c870   _IQ_Out
0000c872   _IQ_OutMax
0000c86e   _IQ_OutMin
0000c85e   _IQ_OutPreSat
0000c8ea   _IQ_Ref
0000c86a   _IQ_SatError
0000c864   _IQ_Ui
0000c8e4   _IQ_Up
0000c8e0   _IQ_Up1
003fe824   _IQatan2HalfPITable
003fe862   _IQatan2Table
003fe9e8   _IQatan2TableEnd
003fe100   _IQcosTable
003fe502   _IQcosTableEnd
003fe502   _IQdivRoundSatTable
003fe510   _IQdivTable
003fe712   _IQdivTableEnd
003fe712   _IQisqrtRoundSatTable
003fe722   _IQisqrtTable
003fe824   _IQisqrtTableEnd
003fe9e8   _IQmpyRndSatTable
003feb50   _IQmpyRndSatTableEnd
003fe000   _IQsinTable
003fe400   _IQsinTableEnd
003fe712   _IQsqrtRoundSatTable
003fe722   _IQsqrtTable
003fe824   _IQsqrtTableEnd
0000c816   _I_A
0000c815   _I_B
0000c818   _I_C
003384ef   _InitAdc
0033966c   _InitCpuTimers
00338dd2   _InitEPwm
00338f43   _InitEPwm1Gpio
00338f6f   _InitEPwm2Gpio
00338f7d   _InitEPwm3Gpio
00338f91   _InitEPwm4Gpio
00338fa5   _InitEPwm5Gpio
00338fb7   _InitEPwm6Gpio
00338f40   _InitEPwmGpio
00338fc9   _InitEPwmSyncGpio
00338e7c   _InitEPwm_1_2_3
0000803d   _InitFlash
00338000   _InitGpio
0033939d   _InitPeripheralClocks
0033978c   _InitPieCtrl
003397b4   _InitPieVectTable
00339351   _InitPll
0033975a   _InitSci_B
00339774   _InitSci_C
00339726   _InitSpi
00339737   _InitSpiGpio
0033973a   _InitSpiaGpio
00339336   _InitSysCtrl
00338fdd   _InitTzGpio
00338dfa   _Init_Pwm_DAC
003380df   _Init_Scib_Gpio
003380f3   _Init_Scic_Gpio
00339544   _Init_SiShu
00338bf7   _Init_lcd
00338b6f   _Init_lcd_Gpio
0000c840   _IsrTicker
003387fe   _JiSuan_AvgSpeed
0033871b   _JiSuan_Dl
0000c002   _KaiShiTongXin
0000c937   _Key_Flag
00338da9   _LCD_DIS
00338b81   _LCD_SendByte
00338b44   _LUF_ISR
00338b3a   _LVF_ISR
0000c906   _Lcd_Dat
00338c98   _Lcd_Dis_DL
00338c63   _Lcd_Dis_RPM
00338c32   _Lcd_Dis_Udc
00338cfe   _Lcd_Dis_sheding
00338bb2   _Lcd_WriteCmd
00338bc6   _Lcd_WriteData
0000c882   _LineEncoder
0033944d   _LuBo
0000c000   _LuBo_OK
0000c849   _MPeriod
00338a40   _MRINTA_ISR
00338a2c   _MRINTB_ISR
00338a4a   _MXINTA_ISR
00338a36   _MXINTB_ISR
00005000   _McbspaRegs
00005040   _McbspbRegs
0000c880   _MechScaler
0000c8ac   _MechTheta
00339877   _MemCopy
0000c888   _MfuncD1
0000c884   _MfuncD2
0000c886   _MfuncD3
0033887e   _NMI_ISR
0000c8d0   _NewRawTheta
0000c959   _OLD_HallAngle
0000c81f   _O_Current
0000c8d2   _OldRawTheta
0000c8b4   _OldRawThetaPos
00338b4e   _PIE_RESERVED
00380090   _PartIdRegs
00000ce0   _PieCtrlRegs
00000d00   _PieVectTable
00339bc6   _PieVectTableInit
003383c8   _Pwm_14
003381fc   _Pwm_16
0033836c   _Pwm_32
003382b4   _Pwm_36
00338258   _Pwm_52
00338310   _Pwm_54
00338dd3   _QEP_Init
0000c004   _RS232_CNT
0000c003   _RS232_OK
0000c006   _RS232_RX
00008000   _RS232_SendBytes
0000c040   _RS232_TX
0033886a   _RTOSINT_ISR
0032005c   _RamfuncsLoadEnd
00320000   _RamfuncsLoadStart
00008000   _RamfuncsRunStart
0000c890   _RawCnt1
0000c892   _RawCnt2
0000c8b2   _RawTheta
0000c8ca   _RawThetaTmp
00339075   _Read_key
0000c846   _Run_BLDC
00339314   _SCIBRX_ISR
00338ab8   _SCIRXINTA_ISR
00338acc   _SCIRXINTB_ISR
00338aa4   _SCIRXINTC_ISR
00338ac2   _SCITXINTA_ISR
00338ad6   _SCITXINTB_ISR
00338aae   _SCITXINTC_ISR
0033890a   _SEQ1INT_ISR
00338914   _SEQ2INT_ISR
00338a18   _SPIRXINTA_ISR
00338a22   _SPITXINTA_ISR
00007050   _SciaRegs
00007750   _ScibRegs
00007770   _ScicRegs
0000c847   _Sector
0033933f   _ServiceDog
0000c84e   _ShangDian_Err
0000c938   _Show_time
0000c92f   _Show_time2
0000c8c0   _Sine
0000c8b6   _Speed
0000c84b   _SpeedLoopCount
0000c84c   _SpeedLoopPrescaler
0000c8cc   _SpeedRef
0000c8ce   _SpeedRpm
0000c894   _SpeedScaler
0000c87a   _Speed_Error
0000c878   _Speed_Fdb
0000c86c   _Speed_Given
0000c88a   _Speed_Ki
0000c88e   _Speed_Kp
0000c862   _Speed_Out
0000c85a   _Speed_OutMax
0000c856   _Speed_OutMin
0000c866   _Speed_OutPreSat
0000c87c   _Speed_Ref
0000c858   _Speed_SatError
0000c868   _Speed_Ui
0000c874   _Speed_Up
0000c876   _Speed_Up1
0000c84d   _Speed_run
00007040   _SpiaRegs
00007010   _SysCtrlRegs
0000c842   _T1Period
0000c84a   _T3Period
0000c87e   _TEMP2
0033893c   _TINT0_ISR
0000801d   _TX232_ChuLi
0000c8a6   _Ta
0000c8a2   _Tb
0000c8a4   _Tc
0000c8f4   _Tmp
0000c850   _TotalCnt
0000c8b0   _TotalPulse
003388ec   _USER10_ISR
003388f6   _USER11_ISR
00338900   _USER12_ISR
00338892   _USER1_ISR
0033889c   _USER2_ISR
003388a6   _USER3_ISR
003388b0   _USER4_ISR
003388ba   _USER5_ISR
003388c4   _USER6_ISR
003388ce   _USER7_ISR
003388d8   _USER8_ISR
003388e2   _USER9_ISR
0000c820   _U_dc
0000c81d   _U_dc_dis
0000c854   _Ualfa
0000c860   _Ubeta
0000c85c   _Ud
0000c8a0   _Uq
00338946   _WAKEINT_ISR
0000c896   _X
0033891e   _XINT1_ISR
00338928   _XINT2_ISR
00338b08   _XINT3_ISR
00338b12   _XINT4_ISR
00338b1c   _XINT5_ISR
00338b26   _XINT6_ISR
00338b30   _XINT7_ISR
00007070   _XIntruptRegs
00000b20   _XintfRegs
0000c898   _Y
0000c8e2   _Z
0000c84f   _ZhanKongBi
00328000   __IQ15div
00328047   __IQ15toF
00000800   __STACK_END
00000400   __STACK_SIZE
00000001   __TI_args_main
ffffffff   ___binit__
ffffffff   ___c_args__
003398a8   ___cinit__
003398a8   ___etext__
ffffffff   ___pinit__
00338000   ___text__
0033982c   __args_main
0000c93a   __cleanup_ptr
0000c93c   __dtors_ptr
0000c83e   __lock
0033989f   __nop
0033989b   __register_lock
00339897   __register_unlock
00000400   __stack
0000c83c   __unlock
00339847   _abort
0000c90c   _addr_tab
003396e0   _c_int00
0000c95a   _cap_n
0000c936   _ch454_key
00339427   _crc16_byte
00339cc6   _crc16_table
003391ab   _deal_key
003390ef   _deal_key_lcd
00338149   _eva_close
00338129   _eva_open
00339849   _exit
00338bda   _hanzi_Disp
0000c8c8   _i
0000c8bc   _ia
0000c8f6   _ialfa
0000c8b8   _ib
0000c8f2   _ibeta
0000c8ba   _ic
0000c8f0   _id
00339013   _iic_delay
0000c8ec   _iq
0000c8c4   _j
0000c8c6   _k
0000c904   _lcd_dis_flag
003394d0   _main
00338b58   _rsvd_ISR
0000c939   _speed_dis
0000c841   _speed_give
0000c8a8   _t1
0000c8aa   _t2
ffffffff   binit
003398a8   cinit
0033fff6   code_start
003398a8   etext
ffffffff   pinit


GLOBAL SYMBOLS: SORTED BY Symbol Address 

address    name
--------   ----
00000001   __TI_args_main
00000400   __STACK_SIZE
00000400   __stack
00000800   __STACK_END
00000880   _DevEmuRegs
00000a80   _FlashRegs
00000ae0   _CsmRegs
00000b00   _AdcMirror
00000b20   _XintfRegs
00000c00   _CpuTimer0Regs
00000c08   _CpuTimer1Regs
00000c10   _CpuTimer2Regs
00000ce0   _PieCtrlRegs
00000d00   _PieVectTable
00001000   _DmaRegs
00005000   _McbspaRegs
00005040   _McbspbRegs
00006000   _ECanaRegs
00006040   _ECanaLAMRegs
00006080   _ECanaMOTSRegs
000060c0   _ECanaMOTORegs
00006100   _ECanaMboxes
00006200   _ECanbRegs
00006240   _ECanbLAMRegs
00006280   _ECanbMOTSRegs
000062c0   _ECanbMOTORegs
00006300   _ECanbMboxes
00006800   _EPwm1Regs
00006840   _EPwm2Regs
00006880   _EPwm3Regs
000068c0   _EPwm4Regs
00006900   _EPwm5Regs
00006940   _EPwm6Regs
00006a00   _ECap1Regs
00006a20   _ECap2Regs
00006a40   _ECap3Regs
00006a60   _ECap4Regs
00006a80   _ECap5Regs
00006aa0   _ECap6Regs
00006b00   _EQep1Regs
00006b40   _EQep2Regs
00006f80   _GpioCtrlRegs
00006fc0   _GpioDataRegs
00006fe0   _GpioIntRegs
00007010   _SysCtrlRegs
00007040   _SpiaRegs
00007050   _SciaRegs
00007070   _XIntruptRegs
00007100   _AdcRegs
00007750   _ScibRegs
00007770   _ScicRegs
00007900   _I2caRegs
00008000   _RS232_SendBytes
00008000   _RamfuncsRunStart
0000801d   _TX232_ChuLi
0000803d   _InitFlash
00008058   _DSP28x_usDelay
0000c000   _LuBo_OK
0000c002   _KaiShiTongXin
0000c003   _RS232_OK
0000c004   _RS232_CNT
0000c006   _RS232_RX
0000c040   _RS232_TX
0000c812   _ADC_W
0000c813   _ADC_U
0000c814   _HALL_W
0000c815   _I_B
0000c816   _I_A
0000c817   _HALL_U
0000c818   _I_C
0000c81b   _DC_ON_flag
0000c81c   _GuoliuZhi
0000c81d   _U_dc_dis
0000c81e   _DC_ON_OPEN
0000c81f   _O_Current
0000c820   _U_dc
0000c822   _DC_ON_CNT
0000c824   _IA_MAX
0000c826   _IB_MAX
0000c82a   _IC_MAX
0000c82c   _AD_BUF
0000c83c   __unlock
0000c83e   __lock
0000c840   _IsrTicker
0000c841   _speed_give
0000c842   _T1Period
0000c843   _BackTicker
0000c844   _HallAngle
0000c845   _Hall_Fault
0000c846   _Run_BLDC
0000c847   _Sector
0000c848   _DirectionQep
0000c849   _MPeriod
0000c84a   _T3Period
0000c84b   _SpeedLoopCount
0000c84c   _SpeedLoopPrescaler
0000c84d   _Speed_run
0000c84e   _ShangDian_Err
0000c84f   _ZhanKongBi
0000c850   _TotalCnt
0000c851   _BuChang
0000c852   _BaseSpeed
0000c854   _Ualfa
0000c856   _Speed_OutMin
0000c858   _Speed_SatError
0000c85a   _Speed_OutMax
0000c85c   _Ud
0000c85e   _IQ_OutPreSat
0000c860   _Ubeta
0000c862   _Speed_Out
0000c864   _IQ_Ui
0000c866   _Speed_OutPreSat
0000c868   _Speed_Ui
0000c86a   _IQ_SatError
0000c86c   _Speed_Given
0000c86e   _IQ_OutMin
0000c870   _IQ_Out
0000c872   _IQ_OutMax
0000c874   _Speed_Up
0000c876   _Speed_Up1
0000c878   _Speed_Fdb
0000c87a   _Speed_Error
0000c87c   _Speed_Ref
0000c87e   _TEMP2
0000c880   _MechScaler
0000c882   _LineEncoder
0000c884   _MfuncD2
0000c886   _MfuncD3
0000c888   _MfuncD1
0000c88a   _Speed_Ki
0000c88c   _E_Ding_DianLiu
0000c88e   _Speed_Kp
0000c890   _RawCnt1
0000c892   _RawCnt2
0000c894   _SpeedScaler
0000c896   _X
0000c898   _Y
0000c89a   _B2
0000c89c   _B0
0000c89e   _B1
0000c8a0   _Uq
0000c8a2   _Tb
0000c8a4   _Tc
0000c8a6   _Ta
0000c8a8   _t1
0000c8aa   _t2
0000c8ac   _MechTheta
0000c8ae   _ElecTheta
0000c8b0   _TotalPulse
0000c8b2   _RawTheta
0000c8b4   _OldRawThetaPos
0000c8b6   _Speed
0000c8b8   _ib
0000c8ba   _ic
0000c8bc   _ia
0000c8be   _Cosine
0000c8c0   _Sine
0000c8c2   _AnglePU
0000c8c4   _j
0000c8c6   _k
0000c8c8   _i
0000c8ca   _RawThetaTmp
0000c8cc   _SpeedRef
0000c8ce   _SpeedRpm
0000c8d0   _NewRawTheta
0000c8d2   _OldRawTheta
0000c8d4   _ID_Out
0000c8d6   _IQ_Given
0000c8d8   _ID_OutMin
0000c8da   _ID_SatError
0000c8dc   _ID_OutMax
0000c8de   _ID_OutPreSat
0000c8e0   _IQ_Up1
0000c8e2   _Z
0000c8e4   _IQ_Up
0000c8e6   _IQ_Fdb
0000c8e8   _IQ_Error
0000c8ea   _IQ_Ref
0000c8ec   _iq
0000c8ee   _ID_Given
0000c8f0   _id
0000c8f2   _ibeta
0000c8f4   _Tmp
0000c8f6   _ialfa
0000c8f8   _ID_Up1
0000c8fa   _ID_Ui
0000c8fc   _ID_Up
0000c8fe   _ID_Fdb
0000c900   _ID_Ref
0000c902   _ID_Error
0000c904   _lcd_dis_flag
0000c906   _Lcd_Dat
0000c90c   _addr_tab
0000c92f   _Show_time2
0000c936   _ch454_key
0000c937   _Key_Flag
0000c938   _Show_time
0000c939   _speed_dis
0000c93a   __cleanup_ptr
0000c93c   __dtors_ptr
0000c940   _CpuTimer1
0000c948   _CpuTimer2
0000c950   _CpuTimer0
0000c958   _IPM_Fault
0000c959   _OLD_HallAngle
0000c95a   _cap_n
0000c95b   _Hall_N
00320000   _RamfuncsLoadStart
0032005c   _RamfuncsLoadEnd
00328000   __IQ15div
00328047   __IQ15toF
00338000   .text
00338000   _InitGpio
00338000   ___text__
003380df   _Init_Scib_Gpio
003380f3   _Init_Scic_Gpio
00338109   _CPU_RUN
00338129   _eva_open
00338149   _eva_close
003381d7   _IPM_BaoHu
003381fc   _Pwm_16
00338258   _Pwm_52
003382b4   _Pwm_36
00338310   _Pwm_54
0033836c   _Pwm_32
003383c8   _Pwm_14
00338424   _Get_Hall
003384e2   _DelayUS
003384ef   _InitAdc
00338503   _ADC_Soc_Init
00338580   _Ad_CaiJi
003386c9   _DC_Link
0033871b   _JiSuan_Dl
003387fe   _JiSuan_AvgSpeed
0033884c   _INT13_ISR
00338856   _INT14_ISR
00338860   _DATALOG_ISR
0033886a   _RTOSINT_ISR
00338874   _EMUINT_ISR
0033887e   _NMI_ISR
00338888   _ILLEGAL_ISR
00338892   _USER1_ISR
0033889c   _USER2_ISR
003388a6   _USER3_ISR
003388b0   _USER4_ISR
003388ba   _USER5_ISR
003388c4   _USER6_ISR
003388ce   _USER7_ISR
003388d8   _USER8_ISR
003388e2   _USER9_ISR
003388ec   _USER10_ISR
003388f6   _USER11_ISR
00338900   _USER12_ISR
0033890a   _SEQ1INT_ISR
00338914   _SEQ2INT_ISR
0033891e   _XINT1_ISR
00338928   _XINT2_ISR
00338932   _ADCINT_ISR
0033893c   _TINT0_ISR
00338946   _WAKEINT_ISR
00338950   _EPWM1_TZINT_ISR
0033895a   _EPWM2_TZINT_ISR
00338964   _EPWM3_TZINT_ISR
0033896e   _EPWM4_TZINT_ISR
00338978   _EPWM5_TZINT_ISR
00338982   _EPWM6_TZINT_ISR
0033898c   _EPWM1_INT_ISR
00338996   _EPWM2_INT_ISR
003389a0   _EPWM3_INT_ISR
003389aa   _EPWM4_INT_ISR
003389b4   _EPWM5_INT_ISR
003389be   _EPWM6_INT_ISR
003389c8   _ECAP1_INT_ISR
003389d2   _ECAP2_INT_ISR
003389dc   _ECAP3_INT_ISR
003389e6   _ECAP4_INT_ISR
003389f0   _ECAP5_INT_ISR
003389fa   _ECAP6_INT_ISR
00338a04   _EQEP1_INT_ISR
00338a0e   _EQEP2_INT_ISR
00338a18   _SPIRXINTA_ISR
00338a22   _SPITXINTA_ISR
00338a2c   _MRINTB_ISR
00338a36   _MXINTB_ISR
00338a40   _MRINTA_ISR
00338a4a   _MXINTA_ISR
00338a54   _DINTCH1_ISR
00338a5e   _DINTCH2_ISR
00338a68   _DINTCH3_ISR
00338a72   _DINTCH4_ISR
00338a7c   _DINTCH5_ISR
00338a86   _DINTCH6_ISR
00338a90   _I2CINT1A_ISR
00338a9a   _I2CINT2A_ISR
00338aa4   _SCIRXINTC_ISR
00338aae   _SCITXINTC_ISR
00338ab8   _SCIRXINTA_ISR
00338ac2   _SCITXINTA_ISR
00338acc   _SCIRXINTB_ISR
00338ad6   _SCITXINTB_ISR
00338ae0   _ECAN0INTA_ISR
00338aea   _ECAN1INTA_ISR
00338af4   _ECAN0INTB_ISR
00338afe   _ECAN1INTB_ISR
00338b08   _XINT3_ISR
00338b12   _XINT4_ISR
00338b1c   _XINT5_ISR
00338b26   _XINT6_ISR
00338b30   _XINT7_ISR
00338b3a   _LVF_ISR
00338b44   _LUF_ISR
00338b4e   _PIE_RESERVED
00338b58   _rsvd_ISR
00338b62   _DelayUS2
00338b6f   _Init_lcd_Gpio
00338b81   _LCD_SendByte
00338bb2   _Lcd_WriteCmd
00338bc6   _Lcd_WriteData
00338bda   _hanzi_Disp
00338bf7   _Init_lcd
00338c32   _Lcd_Dis_Udc
00338c63   _Lcd_Dis_RPM
00338c98   _Lcd_Dis_DL
00338cfe   _Lcd_Dis_sheding
00338da9   _LCD_DIS
00338dd2   _InitEPwm
00338dd3   _QEP_Init
00338dfa   _Init_Pwm_DAC
00338e3c   _DAC1_out
00338e5c   _DAC2_out
00338e7c   _InitEPwm_1_2_3
00338f40   _InitEPwmGpio
00338f43   _InitEPwm1Gpio
00338f6f   _InitEPwm2Gpio
00338f7d   _InitEPwm3Gpio
00338f91   _InitEPwm4Gpio
00338fa5   _InitEPwm5Gpio
00338fb7   _InitEPwm6Gpio
00338fc9   _InitEPwmSyncGpio
00338fdd   _InitTzGpio
00339013   _iic_delay
00339075   _Read_key
003390ef   _deal_key_lcd
003391ab   _deal_key
003391ae   _EPWM_1_INT
00339314   _SCIBRX_ISR
00339325   _INT3_ISR
00339336   _InitSysCtrl
0033933f   _ServiceDog
00339349   _DisableDog
00339351   _InitPll
0033939d   _InitPeripheralClocks
003393f6   _CsmUnlock
00339427   _crc16_byte
00339435   _CRC_16
0033944d   _LuBo
003394d0   _main
00339544   _Init_SiShu
00339561   FS$$DIV
003395e9   FD$$MPY
0033966c   _InitCpuTimers
003396a5   _ConfigCpuTimer
003396e0   _c_int00
00339726   _InitSpi
00339737   _InitSpiGpio
0033973a   _InitSpiaGpio
0033975a   _InitSci_B
00339774   _InitSci_C
0033978c   _InitPieCtrl
003397ab   _EnableInterrupts
003397b4   _InitPieVectTable
003397d4   FD$$TOL
003397f3   I$$TOFD
00339810   FS$$TOFD
0033982c   __args_main
00339847   C$$EXIT
00339847   _abort
00339849   _exit
00339860   U$$TOFD
00339877   _MemCopy
0033988c   U$$DIV
00339891   U$$MOD
00339897   __register_unlock
0033989b   __register_lock
0033989f   __nop
003398a8   ___cinit__
003398a8   ___etext__
003398a8   cinit
003398a8   etext
00339bc6   _PieVectTableInit
00339cc6   _crc16_table
0033fff6   code_start
0033fff8   _CsmPwl
00380080   _ADC_cal
00380090   _PartIdRegs
003fe000   _IQsinTable
003fe100   _IQcosTable
003fe400   _IQsinTableEnd
003fe502   _IQcosTableEnd
003fe502   _IQdivRoundSatTable
003fe510   _IQdivTable
003fe712   _IQdivTableEnd
003fe712   _IQisqrtRoundSatTable
003fe712   _IQsqrtRoundSatTable
003fe722   _IQisqrtTable
003fe722   _IQsqrtTable
003fe824   _IQatan2HalfPITable
003fe824   _IQisqrtTableEnd
003fe824   _IQsqrtTableEnd
003fe862   _IQatan2Table
003fe9e8   _IQ30mpyRndSatTable
003fe9e8   _IQatan2TableEnd
003fe9e8   _IQmpyRndSatTable
003fe9f4   _IQ29mpyRndSatTable
003fea00   _IQ28mpyRndSatTable
003fea0c   _IQ27mpyRndSatTable
003fea18   _IQ26mpyRndSatTable
003fea24   _IQ25mpyRndSatTable
003fea30   _IQ24mpyRndSatTable
003fea3c   _IQ23mpyRndSatTable
003fea48   _IQ22mpyRndSatTable
003fea54   _IQ21mpyRndSatTable
003fea60   _IQ20mpyRndSatTable
003fea6c   _IQ19mpyRndSatTable
003fea78   _IQ18mpyRndSatTable
003fea84   _IQ17mpyRndSatTable
003fea90   _IQ16mpyRndSatTable
003fea9c   _IQ15mpyRndSatTable
003feaa8   _IQ14mpyRndSatTable
003feab4   _IQ13mpyRndSatTable
003feac0   _IQ12mpyRndSatTable
003feacc   _IQ11mpyRndSatTable
003fead8   _IQ10mpyRndSatTable
003feae4   _IQ9mpyRndSatTable
003feaf0   _IQ8mpyRndSatTable
003feafc   _IQ7mpyRndSatTable
003feb08   _IQ6mpyRndSatTable
003feb14   _IQ5mpyRndSatTable
003feb20   _IQ4mpyRndSatTable
003feb2c   _IQ3mpyRndSatTable
003feb38   _IQ2mpyRndSatTable
003feb44   _IQ1mpyRndSatTable
003feb50   _IQmpyRndSatTableEnd
ffffffff   ___binit__
ffffffff   ___c_args__
ffffffff   ___pinit__
ffffffff   binit
ffffffff   pinit

[448 symbols]
