******************************************************************************
             TMS320C2000 Linker PC v18.12.4                    
******************************************************************************
>> Linked Wed Nov 11 14:25:06 2020

OUTPUT FILE NAME:   <2Axis-PMSM-idsp.taobao.com.out>
ENTRY POINT SYMBOL: "_c_int00"  address: 0033945a


MEMORY CONFIGURATION

         name            origin    length      used     unused   attr    fill
----------------------  --------  ---------  --------  --------  ----  --------
PAGE 0:
  ZONE0                 00004000   00001000  00000000  00001000  RWIX
  RAML0L1               00008000   00002000  000012ce  00000d32  RWIX
  RAML2                 0000a000   00001000  00000000  00001000  RWIX
  RAML3                 0000b000   00001000  00000000  00001000  RWIX
  ZONE6                 00100000   00100000  00000000  00100000  RWIX
  ZONE7A                00200000   0000fc00  00000000  0000fc00  RWIX
  FLASHH                00300000   00008000  00000000  00008000  RWIX
  FLASHG                00308000   00008000  00000000  00008000  RWIX
  FLASHF                00310000   00008000  00000000  00008000  RWIX
  FLASHE                00318000   00008000  00000000  00008000  RWIX
  FLASHD                00320000   00008000  000012ce  00006d32  RWIX
  FLASHC                00328000   00008000  000000ad  00007f53  RWIX
  FLASHA                00338000   00007f80  00001e4f  00006131  RWIX
  CSM_RSVD              0033ff80   00000076  00000000  00000076  RWIX
  BEGIN                 0033fff6   00000002  00000002  00000000  RWIX
  CSM_PWL               0033fff8   00000008  00000000  00000008  RWIX
  ADC_CAL               00380080   00000009  00000007  00000002  RWIX
  OTP                   00380400   00000400  00000000  00000400  RWIX
  IQTABLES              003fe000   00000b50  00000b50  00000000  RWIX
  IQTABLES2             003feb50   0000008c  00000000  0000008c  RWIX
  FPUTABLES             003febdc   000006a0  00000000  000006a0  RWIX
  ROM                   003ff27c   00000d44  00000000  00000d44  RWIX
  RESET                 003fffc0   00000002  00000000  00000002  RWIX
  VECTORS               003fffc2   0000003e  00000000  0000003e  RWIX

PAGE 1:
  BOOT_RSVD             00000000   00000050  00000000  00000050  RWIX
  RAMM0                 00000050   000003b0  00000000  000003b0  RWIX
  RAMM1                 00000400   00000400  00000400  00000000  RWIX
  DEV_EMU               00000880   00000180  000000d0  000000b0  RWIX
  FLASH_REGS            00000a80   00000060  00000008  00000058  RWIX
  CSM                   00000ae0   00000010  00000010  00000000  RWIX
  ADC_MIRROR            00000b00   00000010  00000010  00000000  RWIX
  XINTF                 00000b20   00000020  0000001e  00000002  RWIX
  CPU_TIMER0            00000c00   00000008  00000008  00000000  RWIX
  CPU_TIMER1            00000c08   00000008  00000008  00000000  RWIX
  CPU_TIMER2            00000c10   00000008  00000008  00000000  RWIX
  PIE_CTRL              00000ce0   00000020  0000001a  00000006  RWIX
  PIE_VECT              00000d00   00000100  00000100  00000000  RWIX
  DMA                   00001000   00000200  000000e0  00000120  RWIX
  MCBSPA                00005000   00000040  00000025  0000001b  RWIX
  MCBSPB                00005040   00000040  00000025  0000001b  RWIX
  ECANA                 00006000   00000040  00000034  0000000c  RWIX
  ECANA_LAM             00006040   00000040  00000040  00000000  RWIX
  ECANA_MOTS            00006080   00000040  00000040  00000000  RWIX
  ECANA_MOTO            000060c0   00000040  00000040  00000000  RWIX
  ECANA_MBOX            00006100   00000100  00000100  00000000  RWIX
  ECANB                 00006200   00000040  00000034  0000000c  RWIX
  ECANB_LAM             00006240   00000040  00000040  00000000  RWIX
  ECANB_MOTS            00006280   00000040  00000040  00000000  RWIX
  ECANB_MOTO            000062c0   00000040  00000040  00000000  RWIX
  ECANB_MBOX            00006300   00000100  00000100  00000000  RWIX
  EPWM1                 00006800   00000022  00000022  00000000  RWIX
  EPWM2                 00006840   00000022  00000022  00000000  RWIX
  EPWM3                 00006880   00000022  00000022  00000000  RWIX
  EPWM4                 000068c0   00000022  00000022  00000000  RWIX
  EPWM5                 00006900   00000022  00000022  00000000  RWIX
  EPWM6                 00006940   00000022  00000022  00000000  RWIX
  ECAP1                 00006a00   00000020  00000020  00000000  RWIX
  ECAP2                 00006a20   00000020  00000020  00000000  RWIX
  ECAP3                 00006a40   00000020  00000020  00000000  RWIX
  ECAP4                 00006a60   00000020  00000020  00000000  RWIX
  ECAP5                 00006a80   00000020  00000020  00000000  RWIX
  ECAP6                 00006aa0   00000020  00000020  00000000  RWIX
  EQEP1                 00006b00   00000040  00000040  00000000  RWIX
  EQEP2                 00006b40   00000040  00000040  00000000  RWIX
  GPIOCTRL              00006f80   00000040  0000002e  00000012  RWIX
  GPIODAT               00006fc0   00000020  00000020  00000000  RWIX
  GPIOINT               00006fe0   00000020  0000000a  00000016  RWIX
  SYSTEM                00007010   00000020  00000020  00000000  RWIX
  SPIA                  00007040   00000010  00000010  00000000  RWIX
  SCIA                  00007050   00000010  00000010  00000000  RWIX
  XINTRUPT              00007070   00000010  00000010  00000000  RWIX
  ADC                   00007100   00000020  0000001e  00000002  RWIX
  SCIB                  00007750   00000010  00000010  00000000  RWIX
  SCIC                  00007770   00000010  00000010  00000000  RWIX
  I2CA                  00007900   00000040  00000022  0000001e  RWIX
  RAML4                 0000c000   00001000  00000279  00000d87  RWIX
  RAML5                 0000d000   00001000  00000000  00001000  RWIX
  RAML6                 0000e000   00001000  00000000  00001000  RWIX
  RAML7                 0000f000   00001000  00000000  00001000  RWIX
  ZONE7B                0020fc00   00000400  00000000  00000400  RWIX
  FLASHB                00330000   00008000  00000000  00008000  RWIX
  CSM_PWL               0033fff8   00000008  00000008  00000000  RWIX
  PARTID                00380090   00000001  00000001  00000000  RWIX


SECTION ALLOCATION MAP

 output                                  attributes/
section   page    origin      length       input sections
--------  ----  ----------  ----------   ----------------
ramfuncs   0    00320000    000012ce     RUN ADDR = 00008000
                  00320000    00000e91     Main.obj (ramfuncs:retain)
                  00320e91    000003b9     DSP2833x_Adc.obj (ramfuncs)
                  0032124a    00000045     DSP2833x_Gpio.obj (ramfuncs)
                  0032128f    00000020     Dis.obj (ramfuncs)
                  003212af    0000001b     DSP2833x_SysCtrl.obj (ramfuncs)
                  003212ca    00000004     DSP2833x_usDelay.obj (ramfuncs)

.cinit     0    00339655    0000060e     
                  00339655    000004d1     Main.obj (.cinit)
                  00339b26    0000008f     DSP2833x_Adc.obj (.cinit)
                  00339bb5    00000023     128x64.obj (.cinit:_addr_tab)
                  00339bd8    0000001c     Dis.obj (.cinit)
                  00339bf4    00000017     DSP2833x_Gpio.obj (.cinit)
                  00339c0b    00000017     Dis.obj (.cinit:_mBCD)
                  00339c22    00000013     DSP2833x_Adc.obj (.cinit:_AD_BUF)
                  00339c35    0000000c     DSP2833x_Sci.obj (.cinit)
                  00339c41    0000000a     rts2800_fpu32.lib : _lock.obj (.cinit)
                  00339c4b    0000000a                       : exit.obj (.cinit)
                  00339c55    00000008     128x64.obj (.cinit)
                  00339c5d    00000004     128x64.obj (.cinit:_Lcd_Dat)
                  00339c61    00000002     --HOLE-- [fill = 0]

DevEmuRegsFile 
*          1    00000880    000000d0     UNINITIALIZED
                  00000880    000000d0     DSP2833x_GlobalVariableDefs.obj (DevEmuRegsFile)

FlashRegsFile 
*          1    00000a80    00000008     UNINITIALIZED
                  00000a80    00000008     DSP2833x_GlobalVariableDefs.obj (FlashRegsFile)

CsmRegsFile 
*          1    00000ae0    00000010     UNINITIALIZED
                  00000ae0    00000010     DSP2833x_GlobalVariableDefs.obj (CsmRegsFile)

AdcMirrorFile 
*          1    00000b00    00000010     UNINITIALIZED
                  00000b00    00000010     DSP2833x_GlobalVariableDefs.obj (AdcMirrorFile)

XintfRegsFile 
*          1    00000b20    0000001e     UNINITIALIZED
                  00000b20    0000001e     DSP2833x_GlobalVariableDefs.obj (XintfRegsFile)

CpuTimer0RegsFile 
*          1    00000c00    00000008     UNINITIALIZED
                  00000c00    00000008     DSP2833x_GlobalVariableDefs.obj (CpuTimer0RegsFile)

CpuTimer1RegsFile 
*          1    00000c08    00000008     UNINITIALIZED
                  00000c08    00000008     DSP2833x_GlobalVariableDefs.obj (CpuTimer1RegsFile)

CpuTimer2RegsFile 
*          1    00000c10    00000008     UNINITIALIZED
                  00000c10    00000008     DSP2833x_GlobalVariableDefs.obj (CpuTimer2RegsFile)

PieCtrlRegsFile 
*          1    00000ce0    0000001a     UNINITIALIZED
                  00000ce0    0000001a     DSP2833x_GlobalVariableDefs.obj (PieCtrlRegsFile)

PieVectTableFile 
*          1    00000d00    00000100     UNINITIALIZED
                  00000d00    00000100     DSP2833x_GlobalVariableDefs.obj (PieVectTableFile)

DmaRegsFile 
*          1    00001000    000000e0     UNINITIALIZED
                  00001000    000000e0     DSP2833x_GlobalVariableDefs.obj (DmaRegsFile)

McbspaRegsFile 
*          1    00005000    00000025     UNINITIALIZED
                  00005000    00000025     DSP2833x_GlobalVariableDefs.obj (McbspaRegsFile)

McbspbRegsFile 
*          1    00005040    00000025     UNINITIALIZED
                  00005040    00000025     DSP2833x_GlobalVariableDefs.obj (McbspbRegsFile)

ECanaRegsFile 
*          1    00006000    00000034     UNINITIALIZED
                  00006000    00000034     DSP2833x_GlobalVariableDefs.obj (ECanaRegsFile)

ECanaLAMRegsFile 
*          1    00006040    00000040     UNINITIALIZED
                  00006040    00000040     DSP2833x_GlobalVariableDefs.obj (ECanaLAMRegsFile)

ECanaMOTSRegsFile 
*          1    00006080    00000040     UNINITIALIZED
                  00006080    00000040     DSP2833x_GlobalVariableDefs.obj (ECanaMOTSRegsFile)

ECanaMOTORegsFile 
*          1    000060c0    00000040     UNINITIALIZED
                  000060c0    00000040     DSP2833x_GlobalVariableDefs.obj (ECanaMOTORegsFile)

ECanaMboxesFile 
*          1    00006100    00000100     UNINITIALIZED
                  00006100    00000100     DSP2833x_GlobalVariableDefs.obj (ECanaMboxesFile)

ECanbRegsFile 
*          1    00006200    00000034     UNINITIALIZED
                  00006200    00000034     DSP2833x_GlobalVariableDefs.obj (ECanbRegsFile)

ECanbLAMRegsFile 
*          1    00006240    00000040     UNINITIALIZED
                  00006240    00000040     DSP2833x_GlobalVariableDefs.obj (ECanbLAMRegsFile)

ECanbMOTSRegsFile 
*          1    00006280    00000040     UNINITIALIZED
                  00006280    00000040     DSP2833x_GlobalVariableDefs.obj (ECanbMOTSRegsFile)

ECanbMOTORegsFile 
*          1    000062c0    00000040     UNINITIALIZED
                  000062c0    00000040     DSP2833x_GlobalVariableDefs.obj (ECanbMOTORegsFile)

ECanbMboxesFile 
*          1    00006300    00000100     UNINITIALIZED
                  00006300    00000100     DSP2833x_GlobalVariableDefs.obj (ECanbMboxesFile)

EPwm1RegsFile 
*          1    00006800    00000022     UNINITIALIZED
                  00006800    00000022     DSP2833x_GlobalVariableDefs.obj (EPwm1RegsFile)

EPwm2RegsFile 
*          1    00006840    00000022     UNINITIALIZED
                  00006840    00000022     DSP2833x_GlobalVariableDefs.obj (EPwm2RegsFile)

EPwm3RegsFile 
*          1    00006880    00000022     UNINITIALIZED
                  00006880    00000022     DSP2833x_GlobalVariableDefs.obj (EPwm3RegsFile)

EPwm4RegsFile 
*          1    000068c0    00000022     UNINITIALIZED
                  000068c0    00000022     DSP2833x_GlobalVariableDefs.obj (EPwm4RegsFile)

EPwm5RegsFile 
*          1    00006900    00000022     UNINITIALIZED
                  00006900    00000022     DSP2833x_GlobalVariableDefs.obj (EPwm5RegsFile)

EPwm6RegsFile 
*          1    00006940    00000022     UNINITIALIZED
                  00006940    00000022     DSP2833x_GlobalVariableDefs.obj (EPwm6RegsFile)

ECap1RegsFile 
*          1    00006a00    00000020     UNINITIALIZED
                  00006a00    00000020     DSP2833x_GlobalVariableDefs.obj (ECap1RegsFile)

ECap2RegsFile 
*          1    00006a20    00000020     UNINITIALIZED
                  00006a20    00000020     DSP2833x_GlobalVariableDefs.obj (ECap2RegsFile)

ECap3RegsFile 
*          1    00006a40    00000020     UNINITIALIZED
                  00006a40    00000020     DSP2833x_GlobalVariableDefs.obj (ECap3RegsFile)

ECap4RegsFile 
*          1    00006a60    00000020     UNINITIALIZED
                  00006a60    00000020     DSP2833x_GlobalVariableDefs.obj (ECap4RegsFile)

ECap5RegsFile 
*          1    00006a80    00000020     UNINITIALIZED
                  00006a80    00000020     DSP2833x_GlobalVariableDefs.obj (ECap5RegsFile)

ECap6RegsFile 
*          1    00006aa0    00000020     UNINITIALIZED
                  00006aa0    00000020     DSP2833x_GlobalVariableDefs.obj (ECap6RegsFile)

EQep1RegsFile 
*          1    00006b00    00000040     UNINITIALIZED
                  00006b00    00000040     DSP2833x_GlobalVariableDefs.obj (EQep1RegsFile)

EQep2RegsFile 
*          1    00006b40    00000040     UNINITIALIZED
                  00006b40    00000040     DSP2833x_GlobalVariableDefs.obj (EQep2RegsFile)

GpioCtrlRegsFile 
*          1    00006f80    0000002e     UNINITIALIZED
                  00006f80    0000002e     DSP2833x_GlobalVariableDefs.obj (GpioCtrlRegsFile)

GpioDataRegsFile 
*          1    00006fc0    00000020     UNINITIALIZED
                  00006fc0    00000020     DSP2833x_GlobalVariableDefs.obj (GpioDataRegsFile)

GpioIntRegsFile 
*          1    00006fe0    0000000a     UNINITIALIZED
                  00006fe0    0000000a     DSP2833x_GlobalVariableDefs.obj (GpioIntRegsFile)

SysCtrlRegsFile 
*          1    00007010    00000020     UNINITIALIZED
                  00007010    00000020     DSP2833x_GlobalVariableDefs.obj (SysCtrlRegsFile)

SpiaRegsFile 
*          1    00007040    00000010     UNINITIALIZED
                  00007040    00000010     DSP2833x_GlobalVariableDefs.obj (SpiaRegsFile)

SciaRegsFile 
*          1    00007050    00000010     UNINITIALIZED
                  00007050    00000010     DSP2833x_GlobalVariableDefs.obj (SciaRegsFile)

XIntruptRegsFile 
*          1    00007070    00000010     UNINITIALIZED
                  00007070    00000010     DSP2833x_GlobalVariableDefs.obj (XIntruptRegsFile)

AdcRegsFile 
*          1    00007100    0000001e     UNINITIALIZED
                  00007100    0000001e     DSP2833x_GlobalVariableDefs.obj (AdcRegsFile)

ScibRegsFile 
*          1    00007750    00000010     UNINITIALIZED
                  00007750    00000010     DSP2833x_GlobalVariableDefs.obj (ScibRegsFile)

ScicRegsFile 
*          1    00007770    00000010     UNINITIALIZED
                  00007770    00000010     DSP2833x_GlobalVariableDefs.obj (ScicRegsFile)

I2caRegsFile 
*          1    00007900    00000022     UNINITIALIZED
                  00007900    00000022     DSP2833x_GlobalVariableDefs.obj (I2caRegsFile)

CsmPwlFile 
*          1    0033fff8    00000008     UNINITIALIZED
                  0033fff8    00000008     DSP2833x_GlobalVariableDefs.obj (CsmPwlFile)

PartIdRegsFile 
*          1    00380090    00000001     UNINITIALIZED
                  00380090    00000001     DSP2833x_GlobalVariableDefs.obj (PartIdRegsFile)

.pinit     0    00338000    00000000     UNINITIALIZED

.text      0    00338000    00001655     
                  00338000    0000039b     128x64.obj (.text)
                  0033839b    00000316     DSP2833x_DefaultIsr.obj (.text:retain)
                  003386b1    000002e6     Dis.obj (.text)
                  00338997    00000296     DSP2833x_EPwm.obj (.text)
                  00338c2d    00000280     Main.obj (.text)
                  00338ead    000001f3     DSP2833x_Gpio.obj (.text)
                  003390a0    00000127     DSP2833x_Sci.obj (.text)
                  003391c7    000000f6     DSP2833x_SysCtrl.obj (.text)
                  003392bd    00000092     DSP2833x_Adc.obj (.text)
                  0033934f    00000088     rts2800_fpu32.lib : fs_div.obj (.text)
                  003393d7    00000083                       : fd_mpy.obj (.text)
                  0033945a    00000046                       : boot.obj (.text)
                  003394a0    00000034     DSP2833x_Spi.obj (.text)
                  003394d4    0000002a     rts2800_fpu32.lib : l_div.obj (.text)
                  003394fe    00000028     DSP2833x_PieCtrl.obj (.text)
                  00339526    00000022     Main.obj (.text:retain)
                  00339548    00000020     DSP2833x_PieVect.obj (.text)
                  00339568    0000001f     rts2800_fpu32.lib : fd_tol.obj (.text)
                  00339587    0000001d                       : i_tofd.obj (.text)
                  003395a4    0000001c                       : fs_tofd.obj (.text)
                  003395c0    0000001c                       : l_tofd.obj (.text)
                  003395dc    0000001b                       : args_main.obj (.text)
                  003395f7    00000019                       : exit.obj (.text)
                  00339610    00000016                       : ul_tofd.obj (.text)
                  00339626    00000013     DSP2833x_MemCopy.obj (.text)
                  00339639    0000000b     rts2800_fpu32.lib : u_div.obj (.text)
                  00339644    00000009                       : _lock.obj (.text)
                  0033964d    00000008     DSP2833x_CodeStartBranch.obj (.text)

codestart 
*          0    0033fff6    00000002     
                  0033fff6    00000002     DSP2833x_CodeStartBranch.obj (codestart)

.stack     1    00000400    00000400     UNINITIALIZED
                  00000400    00000400     --HOLE--

.ebss      1    0000c000    00000279     UNINITIALIZED
                  0000c000    000001ce     Main.obj (.ebss)
                  0000c1ce    0000002c     DSP2833x_Adc.obj (.ebss)
                  0000c1fa    00000004     rts2800_fpu32.lib : _lock.obj (.ebss)
                  0000c1fe    00000002     128x64.obj (.ebss)
                  0000c200    00000020     128x64.obj (.ebss:_addr_tab)
                  0000c220    00000018     DSP2833x_CpuTimers.obj (.ebss)
                  0000c238    00000008     DSP2833x_Gpio.obj (.ebss)
                  0000c240    00000014     Dis.obj (.ebss:_mBCD)
                  0000c254    00000010     DSP2833x_Adc.obj (.ebss:_AD_BUF)
                  0000c264    00000007     Dis.obj (.ebss)
                  0000c26b    00000007     128x64.obj (.ebss:_Lcd_Dat)
                  0000c272    00000004     rts2800_fpu32.lib : exit.obj (.ebss)
                  0000c276    00000003     DSP2833x_Sci.obj (.ebss)

.econst    0    00339c64    000001ec     
                  00339c64    00000100     DSP2833x_PieVect.obj (.econst:_PieVectTableInit)
                  00339d64    000000e3     128x64.obj (.econst:.string)
                  00339e47    00000001     --HOLE-- [fill = 0]
                  00339e48    00000004     DSP2833x_Adc.obj (.econst)
                  00339e4c    00000004     Main.obj (.econst)

IQmath     0    00328000    000000ad     
                  00328000    00000047     IQmath_fpu32.lib : IQ15div.obj (IQmath)
                  00328047    00000029                      : IQ15sinPU.obj (IQmath)
                  00328070    00000027                      : IQ15cosPU.obj (IQmath)
                  00328097    00000016                      : IQ15toF.obj (IQmath)

IQmathTables 
*          0    003fe000    00000b50     NOLOAD SECTION
                  003fe000    00000b50     IQmath_fpu32.lib : IQmathTables.obj (IQmathTables)

.reset     0    003fffc0    00000002     DSECT
                  003fffc0    00000002     rts2800_fpu32.lib : boot.obj (.reset)

vectors    0    003fffc2    00000000     DSECT

.adc_cal   0    00380080    00000007     NOLOAD SECTION
                  00380080    00000007     DSP2833x_ADC_cal.obj (.adc_cal)

MODULE SUMMARY

       Module                            code    initialized data   uninitialized data
       ------                            ----    ----------------   ------------------
    .\Src\
       Main.obj                          8132    1237               462               
       DSP2833x_GlobalVariableDefs.obj   0       0                  2679              
       DSP2833x_Adc.obj                  2052    166                60                
       128x64.obj                        923     274                41                
       Dis.obj                           806     51                 27                
       DSP2833x_DefaultIsr.obj           790     0                  0                 
       DSP2833x_Gpio.obj                 637     23                 8                 
       DSP2833x_EPwm.obj                 662     0                  0                 
       DSP2833x_Sci.obj                  295     12                 3                 
       DSP2833x_SysCtrl.obj              300     0                  0                 
       DSP2833x_PieVect.obj              32      256                0                 
       DSP2833x_Spi.obj                  52      0                  0                 
       DSP2833x_PieCtrl.obj              40      0                  0                 
       DSP2833x_CpuTimers.obj            0       0                  24                
       DSP2833x_MemCopy.obj              19      0                  0                 
       DSP2833x_CodeStartBranch.obj      10      0                  0                 
       DSP2833x_usDelay.obj              8       0                  0                 
       DSP2833x_ADC_cal.obj              7       0                  0                 
    +--+---------------------------------+-------+------------------+--------------------+
       Total:                            14765   2019               3304              
                                                                                      
    ../Lib/IQmath_fpu32.lib
       IQmathTables.obj                  0       2896               0                 
       IQ15div.obj                       71      0                  0                 
       IQ15sinPU.obj                     41      0                  0                 
       IQ15cosPU.obj                     39      0                  0                 
       IQ15toF.obj                       22      0                  0                 
    +--+---------------------------------+-------+------------------+--------------------+
       Total:                            173     2896               0                 
                                                                                      
    ../Lib/rts2800_fpu32.lib
       fs_div.obj                        136     0                  0                 
       fd_mpy.obj                        131     0                  0                 
       boot.obj                          70      0                  0                 
       l_div.obj                         42      0                  0                 
       exit.obj                          25      10                 4                 
       fd_tol.obj                        31      0                  0                 
       i_tofd.obj                        29      0                  0                 
       fs_tofd.obj                       28      0                  0                 
       l_tofd.obj                        28      0                  0                 
       args_main.obj                     27      0                  0                 
       _lock.obj                         9       10                 4                 
       ul_tofd.obj                       22      0                  0                 
       u_div.obj                         11      0                  0                 
    +--+---------------------------------+-------+------------------+--------------------+
       Total:                            589     20                 8                 
                                                                                      
       Stack:                            0       0                  1024              
    +--+---------------------------------+-------+------------------+--------------------+
       Grand Total:                      15527   4935               4336              


GLOBAL DATA SYMBOLS: SORTED BY DATA PAGE

address     data page           name
--------    ----------------    ----
00000400      10 (00000400)     __stack

00000880      22 (00000880)     _DevEmuRegs

00000a80      2a (00000a80)     _FlashRegs

00000ae0      2b (00000ac0)     _CsmRegs

00000b00      2c (00000b00)     _AdcMirror
00000b20      2c (00000b00)     _XintfRegs

00000c00      30 (00000c00)     _CpuTimer0Regs
00000c08      30 (00000c00)     _CpuTimer1Regs
00000c10      30 (00000c00)     _CpuTimer2Regs

00000ce0      33 (00000cc0)     _PieCtrlRegs

00000d00      34 (00000d00)     _PieVectTable

00001000      40 (00001000)     _DmaRegs

00005000     140 (00005000)     _McbspaRegs

00005040     141 (00005040)     _McbspbRegs

00006000     180 (00006000)     _ECanaRegs

00006040     181 (00006040)     _ECanaLAMRegs

00006080     182 (00006080)     _ECanaMOTSRegs

000060c0     183 (000060c0)     _ECanaMOTORegs

00006100     184 (00006100)     _ECanaMboxes

00006200     188 (00006200)     _ECanbRegs

00006240     189 (00006240)     _ECanbLAMRegs

00006280     18a (00006280)     _ECanbMOTSRegs

000062c0     18b (000062c0)     _ECanbMOTORegs

00006300     18c (00006300)     _ECanbMboxes

00006800     1a0 (00006800)     _EPwm1Regs

00006840     1a1 (00006840)     _EPwm2Regs

00006880     1a2 (00006880)     _EPwm3Regs

000068c0     1a3 (000068c0)     _EPwm4Regs

00006900     1a4 (00006900)     _EPwm5Regs

00006940     1a5 (00006940)     _EPwm6Regs

00006a00     1a8 (00006a00)     _ECap1Regs
00006a20     1a8 (00006a00)     _ECap2Regs

00006a40     1a9 (00006a40)     _ECap3Regs
00006a60     1a9 (00006a40)     _ECap4Regs

00006a80     1aa (00006a80)     _ECap5Regs
00006aa0     1aa (00006a80)     _ECap6Regs

00006b00     1ac (00006b00)     _EQep1Regs

00006b40     1ad (00006b40)     _EQep2Regs

00006f80     1be (00006f80)     _GpioCtrlRegs

00006fc0     1bf (00006fc0)     _GpioDataRegs
00006fe0     1bf (00006fc0)     _GpioIntRegs

00007010     1c0 (00007000)     _SysCtrlRegs

00007040     1c1 (00007040)     _SpiaRegs
00007050     1c1 (00007040)     _SciaRegs
00007070     1c1 (00007040)     _XIntruptRegs

00007100     1c4 (00007100)     _AdcRegs

00007750     1dd (00007740)     _ScibRegs
00007770     1dd (00007740)     _ScicRegs

00007900     1e4 (00007900)     _I2caRegs

0000c000     300 (0000c000)     _IsrTicker
0000c001     300 (0000c000)     _BackTicker
0000c002     300 (0000c000)     _T1Period
0000c003     300 (0000c000)     _T1Period_2
0000c004     300 (0000c000)     _T3Period
0000c005     300 (0000c000)     _MPeriod
0000c006     300 (0000c000)     _MPeriod_2
0000c007     300 (0000c000)     _PlaceSetBit
0000c008     300 (0000c000)     _PlaceSetBit_2
0000c009     300 (0000c000)     _LocationFlag
0000c00a     300 (0000c000)     _LocationEnd
0000c00b     300 (0000c000)     _Position
0000c00c     300 (0000c000)     _LocationFlag_2
0000c00d     300 (0000c000)     _LocationEnd_2
0000c00e     300 (0000c000)     _Position_2
0000c00f     300 (0000c000)     _PositionPhase60
0000c010     300 (0000c000)     _PositionPhase120
0000c011     300 (0000c000)     _PositionPhase180
0000c012     300 (0000c000)     _PositionPhase240
0000c013     300 (0000c000)     _PositionPhase300
0000c014     300 (0000c000)     _PositionPhase360
0000c015     300 (0000c000)     _SpeedLoopPrescaler
0000c016     300 (0000c000)     _SpeedLoopCount
0000c017     300 (0000c000)     _Hall_Fault
0000c018     300 (0000c000)     _SpeedLoopPrescaler_2
0000c019     300 (0000c000)     _SpeedLoopCount_2
0000c01a     300 (0000c000)     _Hall_Fault_2
0000c01b     300 (0000c000)     _DirectionQep
0000c01c     300 (0000c000)     _DirectionQep_2
0000c01d     300 (0000c000)     _Speed_run
0000c01e     300 (0000c000)     _Speed_2run
0000c01f     300 (0000c000)     _Sector
0000c020     300 (0000c000)     _Sector_2
0000c021     300 (0000c000)     _Run_PMSM
0000c022     300 (0000c000)     _Run_PMSM_2
0000c023     300 (0000c000)     _speed_give
0000c024     300 (0000c000)     _HallAngle
0000c025     300 (0000c000)     _BuChang
0000c026     300 (0000c000)     _TotalCnt
0000c027     300 (0000c000)     _ShangDian_Err
0000c028     300 (0000c000)     _speed_give_2
0000c029     300 (0000c000)     _HallAngle_2
0000c02a     300 (0000c000)     _BuChang_2
0000c02b     300 (0000c000)     _TotalCnt_2
0000c02c     300 (0000c000)     _ShangDian_Err_2
0000c02d     300 (0000c000)     _KEY_Type
0000c02e     300 (0000c000)     _PlaceEnable
0000c02f     300 (0000c000)     _PlaceEnable_2
0000c030     300 (0000c000)     _BaseSpeed
0000c031     300 (0000c000)     _ZhengFan
0000c032     300 (0000c000)     _BaseSpeed_2
0000c033     300 (0000c000)     _ZhengFan_2
0000c034     300 (0000c000)     _i
0000c036     300 (0000c000)     _j
0000c038     300 (0000c000)     _k
0000c03a     300 (0000c000)     _Modulation
0000c03c     300 (0000c000)     _Modulation_2
0000c03e     300 (0000c000)     _Tmp

0000c040     301 (0000c040)     _Tmp_2
0000c042     301 (0000c040)     _PlaceError
0000c044     301 (0000c040)     _Place_now
0000c046     301 (0000c040)     _Now_P
0000c048     301 (0000c040)     _OutPreSat_Place
0000c04a     301 (0000c040)     _PlaceError_2
0000c04c     301 (0000c040)     _Place_now_2
0000c04e     301 (0000c040)     _Now_P_2
0000c050     301 (0000c040)     _OutPreSat_Place_2
0000c052     301 (0000c040)     _PosCount
0000c054     301 (0000c040)     _PosCount_2
0000c056     301 (0000c040)     _MfuncF1
0000c058     301 (0000c040)     _MfuncF2
0000c05a     301 (0000c040)     _MfuncF3
0000c05c     301 (0000c040)     _DACTemp0
0000c05e     301 (0000c040)     _DACTemp1
0000c060     301 (0000c040)     _DACTemp2
0000c062     301 (0000c040)     _MfuncC1
0000c064     301 (0000c040)     _MfuncC2
0000c066     301 (0000c040)     _MfuncC3
0000c068     301 (0000c040)     _NewRawTheta
0000c06a     301 (0000c040)     _OldRawTheta
0000c06c     301 (0000c040)     _SpeedRpm
0000c06e     301 (0000c040)     _RawThetaTmp
0000c070     301 (0000c040)     _SpeedRef
0000c072     301 (0000c040)     _Speed
0000c074     301 (0000c040)     _NewRawTheta_2
0000c076     301 (0000c040)     _OldRawTheta_2
0000c078     301 (0000c040)     _SpeedRpm_2
0000c07a     301 (0000c040)     _RawThetaTmp_2
0000c07c     301 (0000c040)     _SpeedRef_2
0000c07e     301 (0000c040)     _Speed_2

0000c080     302 (0000c080)     _RawTheta
0000c082     302 (0000c080)     _OldRawThetaPos
0000c084     302 (0000c080)     _RawTheta_2
0000c086     302 (0000c080)     _OldRawThetaPos_2
0000c088     302 (0000c080)     _TotalPulse
0000c08a     302 (0000c080)     _TotalPulse_2
0000c08c     302 (0000c080)     _MechTheta
0000c08e     302 (0000c080)     _ElecTheta
0000c090     302 (0000c080)     _AnglePU
0000c092     302 (0000c080)     _Cosine
0000c094     302 (0000c080)     _Sine
0000c096     302 (0000c080)     _MechTheta_2
0000c098     302 (0000c080)     _ElecTheta_2
0000c09a     302 (0000c080)     _AnglePU_2
0000c09c     302 (0000c080)     _Cosine_2
0000c09e     302 (0000c080)     _Sine_2
0000c0a0     302 (0000c080)     _RS232_CNT
0000c0a2     302 (0000c080)     _ia
0000c0a4     302 (0000c080)     _ib
0000c0a6     302 (0000c080)     _ic
0000c0a8     302 (0000c080)     _ia_2
0000c0aa     302 (0000c080)     _ib_2
0000c0ac     302 (0000c080)     _ic_2
0000c0ae     302 (0000c080)     _ialfa
0000c0b0     302 (0000c080)     _ibeta
0000c0b2     302 (0000c080)     _id
0000c0b4     302 (0000c080)     _iq
0000c0b6     302 (0000c080)     _ialfa_2
0000c0b8     302 (0000c080)     _ibeta_2
0000c0ba     302 (0000c080)     _id_2
0000c0bc     302 (0000c080)     _iq_2
0000c0be     302 (0000c080)     _ID_Given

0000c0c0     303 (0000c0c0)     _ID_Ref
0000c0c2     303 (0000c0c0)     _ID_Fdb
0000c0c4     303 (0000c0c0)     _ID_Error
0000c0c6     303 (0000c0c0)     _ID_Up
0000c0c8     303 (0000c0c0)     _ID_Up1
0000c0ca     303 (0000c0c0)     _ID_Ui
0000c0cc     303 (0000c0c0)     _ID_OutPreSat
0000c0ce     303 (0000c0c0)     _ID_SatError
0000c0d0     303 (0000c0c0)     _ID_OutMax
0000c0d2     303 (0000c0c0)     _ID_OutMin
0000c0d4     303 (0000c0c0)     _ID_Out
0000c0d6     303 (0000c0c0)     _IQ_Given
0000c0d8     303 (0000c0c0)     _IQ_Ref
0000c0da     303 (0000c0c0)     _IQ_Fdb
0000c0dc     303 (0000c0c0)     _IQ_Error
0000c0de     303 (0000c0c0)     _IQ_Up
0000c0e0     303 (0000c0c0)     _IQ_Up1
0000c0e2     303 (0000c0c0)     _IQ_Ui
0000c0e4     303 (0000c0c0)     _IQ_OutPreSat
0000c0e6     303 (0000c0c0)     _IQ_SatError
0000c0e8     303 (0000c0c0)     _IQ_OutMax
0000c0ea     303 (0000c0c0)     _IQ_OutMin
0000c0ec     303 (0000c0c0)     _IQ_Out
0000c0ee     303 (0000c0c0)     _Speed_Given
0000c0f0     303 (0000c0c0)     _Speed_Ref
0000c0f2     303 (0000c0c0)     _Speed_Fdb
0000c0f4     303 (0000c0c0)     _Speed_Error
0000c0f6     303 (0000c0c0)     _Speed_Up
0000c0f8     303 (0000c0c0)     _Speed_Ui
0000c0fa     303 (0000c0c0)     _Speed_OutPreSat
0000c0fc     303 (0000c0c0)     _Speed_SatError
0000c0fe     303 (0000c0c0)     _Speed_OutMax

0000c100     304 (0000c100)     _Speed_OutMin
0000c102     304 (0000c100)     _Speed_Out
0000c104     304 (0000c100)     _ID_2Given
0000c106     304 (0000c100)     _ID_2Ref
0000c108     304 (0000c100)     _ID_2Fdb
0000c10a     304 (0000c100)     _ID_2Error
0000c10c     304 (0000c100)     _ID_2Up
0000c10e     304 (0000c100)     _ID_2Ui
0000c110     304 (0000c100)     _ID_2OutPreSat
0000c112     304 (0000c100)     _ID_2SatError
0000c114     304 (0000c100)     _ID_2OutMax
0000c116     304 (0000c100)     _ID_2OutMin
0000c118     304 (0000c100)     _ID_2Out
0000c11a     304 (0000c100)     _IQ_2Given
0000c11c     304 (0000c100)     _IQ_2Ref
0000c11e     304 (0000c100)     _IQ_2Fdb
0000c120     304 (0000c100)     _IQ_2Error
0000c122     304 (0000c100)     _IQ_2Up
0000c124     304 (0000c100)     _IQ_2Ui
0000c126     304 (0000c100)     _IQ_2OutPreSat
0000c128     304 (0000c100)     _IQ_2SatError
0000c12a     304 (0000c100)     _IQ_2OutMax
0000c12c     304 (0000c100)     _IQ_2OutMin
0000c12e     304 (0000c100)     _IQ_2Out
0000c130     304 (0000c100)     _Speed_2Given
0000c132     304 (0000c100)     _Speed_2Ref
0000c134     304 (0000c100)     _Speed_2Fdb
0000c136     304 (0000c100)     _Speed_2Error
0000c138     304 (0000c100)     _Speed_2Up
0000c13a     304 (0000c100)     _Speed_2Ui
0000c13c     304 (0000c100)     _Speed_2OutPreSat
0000c13e     304 (0000c100)     _Speed_2SatError

0000c140     305 (0000c140)     _Speed_2OutMax
0000c142     305 (0000c140)     _Speed_2OutMin
0000c144     305 (0000c140)     _Speed_2Out
0000c146     305 (0000c140)     _Ualfa
0000c148     305 (0000c140)     _Ubeta
0000c14a     305 (0000c140)     _Ud
0000c14c     305 (0000c140)     _Uq
0000c14e     305 (0000c140)     _B0
0000c150     305 (0000c140)     _B1
0000c152     305 (0000c140)     _B2
0000c154     305 (0000c140)     _X
0000c156     305 (0000c140)     _Y
0000c158     305 (0000c140)     _Z
0000c15a     305 (0000c140)     _t1
0000c15c     305 (0000c140)     _t2
0000c15e     305 (0000c140)     _Ta
0000c160     305 (0000c140)     _Tb
0000c162     305 (0000c140)     _Tc
0000c164     305 (0000c140)     _MfuncD1
0000c166     305 (0000c140)     _MfuncD2
0000c168     305 (0000c140)     _MfuncD3
0000c16a     305 (0000c140)     _Ualfa_2
0000c16c     305 (0000c140)     _Ubeta_2
0000c16e     305 (0000c140)     _Ud_2
0000c170     305 (0000c140)     _Uq_2
0000c172     305 (0000c140)     _B0_2
0000c174     305 (0000c140)     _B1_2
0000c176     305 (0000c140)     _B2_2
0000c178     305 (0000c140)     _X_2
0000c17a     305 (0000c140)     _Y_2
0000c17c     305 (0000c140)     _Z_2
0000c17e     305 (0000c140)     _t1_2

0000c180     306 (0000c180)     _t2_2
0000c182     306 (0000c180)     _Ta_2
0000c184     306 (0000c180)     _Tb_2
0000c186     306 (0000c180)     _Tc_2
0000c188     306 (0000c180)     _MfuncD1_2
0000c18a     306 (0000c180)     _MfuncD2_2
0000c18c     306 (0000c180)     _MfuncD3_2
0000c18e     306 (0000c180)     _MechScaler
0000c190     306 (0000c180)     _SpeedScaler
0000c192     306 (0000c180)     _RawCnt1
0000c194     306 (0000c180)     _RawCnt2
0000c196     306 (0000c180)     _MechScaler_2
0000c198     306 (0000c180)     _SpeedScaler_2
0000c19a     306 (0000c180)     _RawCnt1_2
0000c19c     306 (0000c180)     _RawCnt2_2
0000c19e     306 (0000c180)     _Speed_Kp
0000c1a0     306 (0000c180)     _Speed_Ki
0000c1a2     306 (0000c180)     _IQ_Kp
0000c1a4     306 (0000c180)     _IQ_Ki
0000c1a6     306 (0000c180)     _ID_Kp
0000c1a8     306 (0000c180)     _ID_Ki
0000c1aa     306 (0000c180)     _Speed_2Kp
0000c1ac     306 (0000c180)     _Speed_2Ki
0000c1ae     306 (0000c180)     _IQ_2Kp
0000c1b0     306 (0000c180)     _IQ_2Ki
0000c1b2     306 (0000c180)     _ID_2Kp
0000c1b4     306 (0000c180)     _ID_2Ki
0000c1b6     306 (0000c180)     _PlaceSet
0000c1b8     306 (0000c180)     _PlaceSet_2
0000c1ba     306 (0000c180)     _E_Ding_DianLiu
0000c1bc     306 (0000c180)     _BaseRpm
0000c1be     306 (0000c180)     _PolePairs

0000c1c0     307 (0000c1c0)     _LineEncoder
0000c1c2     307 (0000c1c0)     _Offset_Angle
0000c1c4     307 (0000c1c0)     _E_Ding_DianLiu_2
0000c1c6     307 (0000c1c0)     _BaseRpm_2
0000c1c8     307 (0000c1c0)     _PolePairs_2
0000c1ca     307 (0000c1c0)     _LineEncoder_2
0000c1cc     307 (0000c1c0)     _Offset_Angle_2
0000c1ce     307 (0000c1c0)     _I_A
0000c1cf     307 (0000c1c0)     _I_B
0000c1d0     307 (0000c1c0)     _I_C
0000c1d1     307 (0000c1c0)     _I_A_2
0000c1d2     307 (0000c1c0)     _I_B_2
0000c1d3     307 (0000c1c0)     _I_C_2
0000c1d4     307 (0000c1c0)     _HALL_U
0000c1d5     307 (0000c1c0)     _HALL_W
0000c1d6     307 (0000c1c0)     _HALL_U_2
0000c1d7     307 (0000c1c0)     _HALL_W_2
0000c1d8     307 (0000c1c0)     _U_dc_dis
0000c1d9     307 (0000c1c0)     _U_dc_dis_2
0000c1da     307 (0000c1c0)     _GuoliuZhi
0000c1db     307 (0000c1c0)     _GuoliuZhi_2
0000c1dc     307 (0000c1c0)     _O_Current
0000c1dd     307 (0000c1c0)     _O_Current_2
0000c1de     307 (0000c1c0)     _DC_ON_flag
0000c1df     307 (0000c1c0)     _DC_ON_OPEN
0000c1e0     307 (0000c1c0)     _DC_ON_flag_2
0000c1e1     307 (0000c1c0)     _DC_ON_OPEN_2
0000c1e4     307 (0000c1c0)     _AdcResult
0000c1e6     307 (0000c1c0)     _IA_MAX
0000c1e8     307 (0000c1c0)     _IB_MAX
0000c1ea     307 (0000c1c0)     _IC_MAX
0000c1ec     307 (0000c1c0)     _IA_2_MAX
0000c1ee     307 (0000c1c0)     _IB_2_MAX
0000c1f0     307 (0000c1c0)     _IC_2_MAX
0000c1f2     307 (0000c1c0)     _U_dc
0000c1f4     307 (0000c1c0)     _U_dc_2
0000c1f6     307 (0000c1c0)     _DC_ON_CNT
0000c1f8     307 (0000c1c0)     _DC_ON_CNT_2
0000c1fa     307 (0000c1c0)     __unlock
0000c1fc     307 (0000c1c0)     __lock
0000c1fe     307 (0000c1c0)     _lcd_dis_flag

0000c200     308 (0000c200)     _addr_tab
0000c220     308 (0000c200)     _CpuTimer0
0000c228     308 (0000c200)     _CpuTimer1
0000c230     308 (0000c200)     _CpuTimer2
0000c238     308 (0000c200)     _IPM_Fault
0000c239     308 (0000c200)     _IPM_Fault_2

0000c240     309 (0000c240)     _mBCD
0000c254     309 (0000c240)     _AD_BUF
0000c264     309 (0000c240)     _ch454_key
0000c265     309 (0000c240)     _Key_Flag
0000c266     309 (0000c240)     _Show_time
0000c267     309 (0000c240)     _Show_time2
0000c26b     309 (0000c240)     _Lcd_Dat
0000c272     309 (0000c240)     __cleanup_ptr
0000c274     309 (0000c240)     __dtors_ptr
0000c276     309 (0000c240)     _speed_dis
0000c277     309 (0000c240)     _Speed_dis_2

00339c64    ce71 (00339c40)     _PieVectTableInit

0033fff8    cfff (0033ffc0)     _CsmPwl

00380090    e002 (00380080)     _PartIdRegs

003fe000    ff80 (003fe000)     _IQsinTable

003fe100    ff84 (003fe100)     _IQcosTable

003fe400    ff90 (003fe400)     _IQsinTableEnd

003fe502    ff94 (003fe500)     _IQcosTableEnd
003fe502    ff94 (003fe500)     _IQdivRoundSatTable
003fe510    ff94 (003fe500)     _IQdivTable

003fe712    ff9c (003fe700)     _IQdivTableEnd
003fe712    ff9c (003fe700)     _IQisqrtRoundSatTable
003fe712    ff9c (003fe700)     _IQsqrtRoundSatTable
003fe722    ff9c (003fe700)     _IQisqrtTable
003fe722    ff9c (003fe700)     _IQsqrtTable

003fe824    ffa0 (003fe800)     _IQatan2HalfPITable
003fe824    ffa0 (003fe800)     _IQisqrtTableEnd
003fe824    ffa0 (003fe800)     _IQsqrtTableEnd

003fe862    ffa1 (003fe840)     _IQatan2Table

003fe9e8    ffa7 (003fe9c0)     _IQ30mpyRndSatTable
003fe9e8    ffa7 (003fe9c0)     _IQatan2TableEnd
003fe9e8    ffa7 (003fe9c0)     _IQmpyRndSatTable
003fe9f4    ffa7 (003fe9c0)     _IQ29mpyRndSatTable

003fea00    ffa8 (003fea00)     _IQ28mpyRndSatTable
003fea0c    ffa8 (003fea00)     _IQ27mpyRndSatTable
003fea18    ffa8 (003fea00)     _IQ26mpyRndSatTable
003fea24    ffa8 (003fea00)     _IQ25mpyRndSatTable
003fea30    ffa8 (003fea00)     _IQ24mpyRndSatTable
003fea3c    ffa8 (003fea00)     _IQ23mpyRndSatTable

003fea48    ffa9 (003fea40)     _IQ22mpyRndSatTable
003fea54    ffa9 (003fea40)     _IQ21mpyRndSatTable
003fea60    ffa9 (003fea40)     _IQ20mpyRndSatTable
003fea6c    ffa9 (003fea40)     _IQ19mpyRndSatTable
003fea78    ffa9 (003fea40)     _IQ18mpyRndSatTable

003fea84    ffaa (003fea80)     _IQ17mpyRndSatTable
003fea90    ffaa (003fea80)     _IQ16mpyRndSatTable
003fea9c    ffaa (003fea80)     _IQ15mpyRndSatTable
003feaa8    ffaa (003fea80)     _IQ14mpyRndSatTable
003feab4    ffaa (003fea80)     _IQ13mpyRndSatTable

003feac0    ffab (003feac0)     _IQ12mpyRndSatTable
003feacc    ffab (003feac0)     _IQ11mpyRndSatTable
003fead8    ffab (003feac0)     _IQ10mpyRndSatTable
003feae4    ffab (003feac0)     _IQ9mpyRndSatTable
003feaf0    ffab (003feac0)     _IQ8mpyRndSatTable
003feafc    ffab (003feac0)     _IQ7mpyRndSatTable

003feb08    ffac (003feb00)     _IQ6mpyRndSatTable
003feb14    ffac (003feb00)     _IQ5mpyRndSatTable
003feb20    ffac (003feb00)     _IQ4mpyRndSatTable
003feb2c    ffac (003feb00)     _IQ3mpyRndSatTable
003feb38    ffac (003feb00)     _IQ2mpyRndSatTable

003feb44    ffad (003feb40)     _IQ1mpyRndSatTable
003feb50    ffad (003feb40)     _IQmpyRndSatTableEnd


GLOBAL SYMBOLS: SORTED ALPHABETICALLY BY Name 

page  address   name                 
----  -------   ----                 
0     00338000  .text                
0     003395f7  C$$EXIT              
0     003393d7  FD$$MPY              
0     00339568  FD$$TOL              
0     0033934f  FS$$DIV              
0     003395a4  FS$$TOFD             
0     00339587  I$$TOFD              
0     003394d4  L$$DIV               
0     003394e3  L$$MOD               
0     003395c0  L$$TOFD              
0     00339639  U$$DIV               
0     0033963e  U$$MOD               
0     003394f1  UL$$DIV              
0     003394f8  UL$$MOD              
0     00339610  UL$$TOFD             
0     00338481  _ADCINT_ISR          
0     00380080  _ADC_cal             
1     0000c254  _AD_BUF              
0     00008e91  _Ad_CaiJi            
1     00000b00  _AdcMirror           
1     00007100  _AdcRegs             
1     0000c1e4  _AdcResult           
1     0000c090  _AnglePU             
1     0000c09a  _AnglePU_2           
1     0000c14e  _B0                  
1     0000c172  _B0_2                
1     0000c150  _B1                  
1     0000c174  _B1_2                
1     0000c152  _B2                  
1     0000c176  _B2_2                
1     0000c001  _BackTicker          
1     0000c1bc  _BaseRpm             
1     0000c1c6  _BaseRpm_2           
1     0000c030  _BaseSpeed           
1     0000c032  _BaseSpeed_2         
1     0000c025  _BuChang             
1     0000c02a  _BuChang_2           
0     003387a0  _CH454_I2c_RdByte    
0     00338721  _CH454_I2c_Start     
0     0033873d  _CH454_I2c_Stop      
0     0033875e  _CH454_I2c_WrByte    
0     003387ec  _CH454_Read          
0     00338fd8  _CPU_RUN             
1     0000c092  _Cosine              
1     0000c09c  _Cosine_2            
1     0000c220  _CpuTimer0           
1     00000c00  _CpuTimer0Regs       
1     0000c228  _CpuTimer1           
1     00000c08  _CpuTimer1Regs       
1     0000c230  _CpuTimer2           
1     00000c10  _CpuTimer2Regs       
1     0033fff8  _CsmPwl              
1     00000ae0  _CsmRegs             
0     0033928c  _CsmUnlock           
1     0000c05c  _DACTemp0            
1     0000c05e  _DACTemp1            
1     0000c060  _DACTemp2            
0     003383af  _DATALOG_ISR         
0     003392de  _DC_Link             
1     0000c1f6  _DC_ON_CNT           
1     0000c1f8  _DC_ON_CNT_2         
1     0000c1df  _DC_ON_OPEN          
1     0000c1e1  _DC_ON_OPEN_2        
1     0000c1de  _DC_ON_flag          
1     0000c1e0  _DC_ON_flag_2        
0     003385a3  _DINTCH1_ISR         
0     003385ad  _DINTCH2_ISR         
0     003385b7  _DINTCH3_ISR         
0     003385c1  _DINTCH4_ISR         
0     003385cb  _DINTCH5_ISR         
0     003385d5  _DINTCH6_ISR         
0     000092ca  _DSP28x_usDelay      
0     003392bd  _DelayUS             
0     00338000  _DelayUS2            
1     00000880  _DevEmuRegs          
1     0000c01b  _DirectionQep        
1     0000c01c  _DirectionQep_2      
0     003391da  _DisableDog          
1     00001000  _DmaRegs             
0     0033862f  _ECAN0INTA_ISR       
0     00338643  _ECAN0INTB_ISR       
0     00338639  _ECAN1INTA_ISR       
0     0033864d  _ECAN1INTB_ISR       
0     00338517  _ECAP1_INT_ISR       
0     00338521  _ECAP2_INT_ISR       
0     0033852b  _ECAP3_INT_ISR       
0     00338535  _ECAP4_INT_ISR       
0     0033853f  _ECAP5_INT_ISR       
0     00338549  _ECAP6_INT_ISR       
1     00006040  _ECanaLAMRegs        
1     000060c0  _ECanaMOTORegs       
1     00006080  _ECanaMOTSRegs       
1     00006100  _ECanaMboxes         
1     00006000  _ECanaRegs           
1     00006240  _ECanbLAMRegs        
1     000062c0  _ECanbMOTORegs       
1     00006280  _ECanbMOTSRegs       
1     00006300  _ECanbMboxes         
1     00006200  _ECanbRegs           
1     00006a00  _ECap1Regs           
1     00006a20  _ECap2Regs           
1     00006a40  _ECap3Regs           
1     00006a60  _ECap4Regs           
1     00006a80  _ECap5Regs           
1     00006aa0  _ECap6Regs           
0     003383c3  _EMUINT_ISR          
0     003384db  _EPWM1_INT_ISR       
0     0033849f  _EPWM1_TZINT_ISR     
0     003384e5  _EPWM2_INT_ISR       
0     003384a9  _EPWM2_TZINT_ISR     
0     003384ef  _EPWM3_INT_ISR       
0     003384b3  _EPWM3_TZINT_ISR     
0     003384f9  _EPWM4_INT_ISR       
0     003384bd  _EPWM4_TZINT_ISR     
0     00338503  _EPWM5_INT_ISR       
0     003384c7  _EPWM5_TZINT_ISR     
0     0033850d  _EPWM6_INT_ISR       
0     003384d1  _EPWM6_TZINT_ISR     
0     00008000  _EPWM_1_INT          
1     00006800  _EPwm1Regs           
1     00006840  _EPwm2Regs           
1     00006880  _EPwm3Regs           
1     000068c0  _EPwm4Regs           
1     00006900  _EPwm5Regs           
1     00006940  _EPwm6Regs           
0     00338553  _EQEP1_INT_ISR       
0     0033855d  _EQEP2_INT_ISR       
1     00006b00  _EQep1Regs           
1     00006b40  _EQep2Regs           
1     0000c1ba  _E_Ding_DianLiu      
1     0000c1c4  _E_Ding_DianLiu_2    
1     0000c08e  _ElecTheta           
1     0000c098  _ElecTheta_2         
0     0033951d  _EnableInterrupts    
1     00000a80  _FlashRegs           
1     00006f80  _GpioCtrlRegs        
1     00006fc0  _GpioDataRegs        
1     00006fe0  _GpioIntRegs         
1     0000c1da  _GuoliuZhi           
1     0000c1db  _GuoliuZhi_2         
1     0000c1d4  _HALL_U              
1     0000c1d6  _HALL_U_2            
1     0000c1d5  _HALL_W              
1     0000c1d7  _HALL_W_2            
1     0000c024  _HallAngle           
1     0000c029  _HallAngle_2         
1     0000c017  _Hall_Fault          
1     0000c01a  _Hall_Fault_2        
0     003385df  _I2CINT1A_ISR        
0     003385e9  _I2CINT2A_ISR        
1     00007900  _I2caRegs            
1     0000c1ec  _IA_2_MAX            
1     0000c1e6  _IA_MAX              
1     0000c1ee  _IB_2_MAX            
1     0000c1e8  _IB_MAX              
1     0000c1f0  _IC_2_MAX            
1     0000c1ea  _IC_MAX              
1     0000c10a  _ID_2Error           
1     0000c108  _ID_2Fdb             
1     0000c104  _ID_2Given           
1     0000c1b4  _ID_2Ki              
1     0000c1b2  _ID_2Kp              
1     0000c118  _ID_2Out             
1     0000c114  _ID_2OutMax          
1     0000c116  _ID_2OutMin          
1     0000c110  _ID_2OutPreSat       
1     0000c106  _ID_2Ref             
1     0000c112  _ID_2SatError        
1     0000c10e  _ID_2Ui              
1     0000c10c  _ID_2Up              
1     0000c0c4  _ID_Error            
1     0000c0c2  _ID_Fdb              
1     0000c0be  _ID_Given            
1     0000c1a8  _ID_Ki               
1     0000c1a6  _ID_Kp               
1     0000c0d4  _ID_Out              
1     0000c0d0  _ID_OutMax           
1     0000c0d2  _ID_OutMin           
1     0000c0cc  _ID_OutPreSat        
1     0000c0c0  _ID_Ref              
1     0000c0ce  _ID_SatError         
1     0000c0ca  _ID_Ui               
1     0000c0c6  _ID_Up               
1     0000c0c8  _ID_Up1              
0     003383d7  _ILLEGAL_ISR         
0     0033839b  _INT13_ISR           
0     003383a5  _INT14_ISR           
0     00339537  _INT3_ISR            
0     0000924a  _IPM_BaoHu           
1     0000c238  _IPM_Fault           
1     0000c239  _IPM_Fault_2         
0     003fead8  _IQ10mpyRndSatTable  
0     003feacc  _IQ11mpyRndSatTable  
0     003feac0  _IQ12mpyRndSatTable  
0     003feab4  _IQ13mpyRndSatTable  
0     003feaa8  _IQ14mpyRndSatTable  
0     003fea9c  _IQ15mpyRndSatTable  
0     003fea90  _IQ16mpyRndSatTable  
0     003fea84  _IQ17mpyRndSatTable  
0     003fea78  _IQ18mpyRndSatTable  
0     003fea6c  _IQ19mpyRndSatTable  
0     003feb44  _IQ1mpyRndSatTable   
0     003fea60  _IQ20mpyRndSatTable  
0     003fea54  _IQ21mpyRndSatTable  
0     003fea48  _IQ22mpyRndSatTable  
0     003fea3c  _IQ23mpyRndSatTable  
0     003fea30  _IQ24mpyRndSatTable  
0     003fea24  _IQ25mpyRndSatTable  
0     003fea18  _IQ26mpyRndSatTable  
0     003fea0c  _IQ27mpyRndSatTable  
0     003fea00  _IQ28mpyRndSatTable  
0     003fe9f4  _IQ29mpyRndSatTable  
0     003feb38  _IQ2mpyRndSatTable   
0     003fe9e8  _IQ30mpyRndSatTable  
0     003feb2c  _IQ3mpyRndSatTable   
0     003feb20  _IQ4mpyRndSatTable   
0     003feb14  _IQ5mpyRndSatTable   
0     003feb08  _IQ6mpyRndSatTable   
0     003feafc  _IQ7mpyRndSatTable   
0     003feaf0  _IQ8mpyRndSatTable   
0     003feae4  _IQ9mpyRndSatTable   
1     0000c120  _IQ_2Error           
1     0000c11e  _IQ_2Fdb             
1     0000c11a  _IQ_2Given           
1     0000c1b0  _IQ_2Ki              
1     0000c1ae  _IQ_2Kp              
1     0000c12e  _IQ_2Out             
1     0000c12a  _IQ_2OutMax          
1     0000c12c  _IQ_2OutMin          
1     0000c126  _IQ_2OutPreSat       
1     0000c11c  _IQ_2Ref             
1     0000c128  _IQ_2SatError        
1     0000c124  _IQ_2Ui              
1     0000c122  _IQ_2Up              
1     0000c0dc  _IQ_Error            
1     0000c0da  _IQ_Fdb              
1     0000c0d6  _IQ_Given            
1     0000c1a4  _IQ_Ki               
1     0000c1a2  _IQ_Kp               
1     0000c0ec  _IQ_Out              
1     0000c0e8  _IQ_OutMax           
1     0000c0ea  _IQ_OutMin           
1     0000c0e4  _IQ_OutPreSat        
1     0000c0d8  _IQ_Ref              
1     0000c0e6  _IQ_SatError         
1     0000c0e2  _IQ_Ui               
1     0000c0de  _IQ_Up               
1     0000c0e0  _IQ_Up1              
0     003fe824  _IQatan2HalfPITable  
0     003fe862  _IQatan2Table        
0     003fe9e8  _IQatan2TableEnd     
0     003fe100  _IQcosTable          
0     003fe502  _IQcosTableEnd       
0     003fe502  _IQdivRoundSatTable  
0     003fe510  _IQdivTable          
0     003fe712  _IQdivTableEnd       
0     003fe712  _IQisqrtRoundSatTable
0     003fe722  _IQisqrtTable        
0     003fe824  _IQisqrtTableEnd     
0     003fe9e8  _IQmpyRndSatTable    
0     003feb50  _IQmpyRndSatTableEnd 
0     003fe000  _IQsinTable          
0     003fe400  _IQsinTableEnd       
0     003fe712  _IQsqrtRoundSatTable 
0     003fe722  _IQsqrtTable         
0     003fe824  _IQsqrtTableEnd      
1     0000c1ce  _I_A                 
1     0000c1d1  _I_A_2               
1     0000c1cf  _I_B                 
1     0000c1d2  _I_B_2               
1     0000c1d0  _I_C                 
1     0000c1d3  _I_C_2               
0     003392ca  _InitAdc             
0     00338997  _InitEPwm            
0     00338b37  _InitEPwm1Gpio       
0     00338b89  _InitEPwm2Gpio       
0     00338b97  _InitEPwm3Gpio       
0     00338bab  _InitEPwm4Gpio       
0     00338bbf  _InitEPwm5Gpio       
0     00338bd1  _InitEPwm6Gpio       
0     00338b34  _InitEPwmGpio        
0     00338be3  _InitEPwmSyncGpio    
0     003389e0  _InitEPwm_1_2_3      
0     000092af  _InitFlash           
0     00338ead  _InitGpio            
0     00339233  _InitPeripheralClocks
0     003394fe  _InitPieCtrl         
0     00339548  _InitPieVectTable    
0     003391e2  _InitPll             
0     003390a0  _InitSci_B           
0     003390b8  _InitSci_C           
0     003394a0  _InitSpi             
0     003394b1  _InitSpiGpio         
0     003394b4  _InitSpiaGpio        
0     003391c7  _InitSysCtrl         
0     00338bf7  _InitTzGpio          
0     003386b1  _Init_DIs_Gpio       
0     00338fae  _Init_Scib_Gpio      
0     00338fc2  _Init_Scic_Gpio      
0     00338cc0  _Init_SiShu          
0     003387fe  _Init_ch454          
0     00338094  _Init_lcd            
0     0033800d  _Init_lcd_Gpio       
1     0000c000  _IsrTicker           
0     00009093  _JiSuan_Dl           
1     0000c02d  _KEY_Type            
1     0000c265  _Key_Flag            
0     00338372  _LCD_DIS             
0     0033801f  _LCD_SendByte        
0     00338693  _LUF_ISR             
0     00338689  _LVF_ISR             
1     0000c26b  _Lcd_Dat             
0     003381a4  _Lcd_Dis_DL          
0     0033812f  _Lcd_Dis_RPM         
0     003380cf  _Lcd_Dis_Udc         
0     00338264  _Lcd_Dis_sheding     
0     00338050  _Lcd_WriteCmd        
0     00338064  _Lcd_WriteData       
1     0000c1c0  _LineEncoder         
1     0000c1ca  _LineEncoder_2       
1     0000c00a  _LocationEnd         
1     0000c00d  _LocationEnd_2       
1     0000c009  _LocationFlag        
1     0000c00c  _LocationFlag_2      
1     0000c005  _MPeriod             
1     0000c006  _MPeriod_2           
0     0033858f  _MRINTA_ISR          
0     0033857b  _MRINTB_ISR          
0     00338599  _MXINTA_ISR          
0     00338585  _MXINTB_ISR          
1     00005000  _McbspaRegs          
1     00005040  _McbspbRegs          
1     0000c18e  _MechScaler          
1     0000c196  _MechScaler_2        
1     0000c08c  _MechTheta           
1     0000c096  _MechTheta_2         
0     00339626  _MemCopy             
1     0000c062  _MfuncC1             
1     0000c064  _MfuncC2             
1     0000c066  _MfuncC3             
1     0000c164  _MfuncD1             
1     0000c188  _MfuncD1_2           
1     0000c166  _MfuncD2             
1     0000c18a  _MfuncD2_2           
1     0000c168  _MfuncD3             
1     0000c18c  _MfuncD3_2           
1     0000c056  _MfuncF1             
1     0000c058  _MfuncF2             
1     0000c05a  _MfuncF3             
1     0000c03a  _Modulation          
1     0000c03c  _Modulation_2        
0     003383cd  _NMI_ISR             
1     0000c068  _NewRawTheta         
1     0000c074  _NewRawTheta_2       
1     0000c046  _Now_P               
1     0000c04e  _Now_P_2             
1     0000c1dc  _O_Current           
1     0000c1dd  _O_Current_2         
1     0000c1c2  _Offset_Angle        
1     0000c1cc  _Offset_Angle_2      
1     0000c06a  _OldRawTheta         
1     0000c082  _OldRawThetaPos      
1     0000c086  _OldRawThetaPos_2    
1     0000c076  _OldRawTheta_2       
1     0000c048  _OutPreSat_Place     
1     0000c050  _OutPreSat_Place_2   
0     0033869d  _PIE_RESERVED        
1     00380090  _PartIdRegs          
1     00000ce0  _PieCtrlRegs         
1     00000d00  _PieVectTable        
0     00339c64  _PieVectTableInit    
1     0000c02e  _PlaceEnable         
1     0000c02f  _PlaceEnable_2       
1     0000c042  _PlaceError          
1     0000c04a  _PlaceError_2        
1     0000c1b6  _PlaceSet            
1     0000c007  _PlaceSetBit         
1     0000c008  _PlaceSetBit_2       
1     0000c1b8  _PlaceSet_2          
1     0000c044  _Place_now           
1     0000c04c  _Place_now_2         
1     0000c1be  _PolePairs           
1     0000c1c8  _PolePairs_2         
1     0000c052  _PosCount            
1     0000c054  _PosCount_2          
1     0000c00b  _Position            
1     0000c010  _PositionPhase120    
1     0000c011  _PositionPhase180    
1     0000c012  _PositionPhase240    
1     0000c013  _PositionPhase300    
1     0000c014  _PositionPhase360    
1     0000c00f  _PositionPhase60     
1     0000c00e  _Position_2          
0     00338998  _QEP_Init            
1     0000c0a0  _RS232_CNT           
0     003383b9  _RTOSINT_ISR         
0     003212ce  _RamfuncsLoadEnd     
0     00320000  _RamfuncsLoadStart   
0     00008000  _RamfuncsRunStart    
1     0000c192  _RawCnt1             
1     0000c19a  _RawCnt1_2           
1     0000c194  _RawCnt2             
1     0000c19c  _RawCnt2_2           
1     0000c080  _RawTheta            
1     0000c06e  _RawThetaTmp         
1     0000c07a  _RawThetaTmp_2       
1     0000c084  _RawTheta_2          
0     0000928f  _Read_key            
1     0000c021  _Run_PMSM            
1     0000c022  _Run_PMSM_2          
0     00339526  _SCIBRX_ISR          
0     00338607  _SCIRXINTA_ISR       
0     0033861b  _SCIRXINTB_ISR       
0     003385f3  _SCIRXINTC_ISR       
0     00338611  _SCITXINTA_ISR       
0     00338625  _SCITXINTB_ISR       
0     003385fd  _SCITXINTC_ISR       
0     00338459  _SEQ1INT_ISR         
0     00338463  _SEQ2INT_ISR         
0     00338567  _SPIRXINTA_ISR       
0     00338571  _SPITXINTA_ISR       
1     00007050  _SciaRegs            
1     00007750  _ScibRegs            
1     00007770  _ScicRegs            
1     0000c01f  _Sector              
1     0000c020  _Sector_2            
0     003391d0  _ServiceDog          
1     0000c027  _ShangDian_Err       
1     0000c02c  _ShangDian_Err_2     
0     003390d0  _ShowDisp            
1     0000c266  _Show_time           
1     0000c267  _Show_time2          
1     0000c094  _Sine                
1     0000c09e  _Sine_2              
1     0000c072  _Speed               
1     0000c016  _SpeedLoopCount      
1     0000c019  _SpeedLoopCount_2    
1     0000c015  _SpeedLoopPrescaler  
1     0000c018  _SpeedLoopPrescaler_2
1     0000c070  _SpeedRef            
1     0000c07c  _SpeedRef_2          
1     0000c06c  _SpeedRpm            
1     0000c078  _SpeedRpm_2          
1     0000c190  _SpeedScaler         
1     0000c198  _SpeedScaler_2       
1     0000c07e  _Speed_2             
1     0000c136  _Speed_2Error        
1     0000c134  _Speed_2Fdb          
1     0000c130  _Speed_2Given        
1     0000c1ac  _Speed_2Ki           
1     0000c1aa  _Speed_2Kp           
1     0000c144  _Speed_2Out          
1     0000c140  _Speed_2OutMax       
1     0000c142  _Speed_2OutMin       
1     0000c13c  _Speed_2OutPreSat    
1     0000c132  _Speed_2Ref          
1     0000c13e  _Speed_2SatError     
1     0000c13a  _Speed_2Ui           
1     0000c138  _Speed_2Up           
1     0000c01e  _Speed_2run          
1     0000c0f4  _Speed_Error         
1     0000c0f2  _Speed_Fdb           
1     0000c0ee  _Speed_Given         
1     0000c1a0  _Speed_Ki            
1     0000c19e  _Speed_Kp            
1     0000c102  _Speed_Out           
1     0000c0fe  _Speed_OutMax        
1     0000c100  _Speed_OutMin        
1     0000c0fa  _Speed_OutPreSat     
1     0000c0f0  _Speed_Ref           
1     0000c0fc  _Speed_SatError      
1     0000c0f8  _Speed_Ui            
1     0000c0f6  _Speed_Up            
1     0000c277  _Speed_dis_2         
1     0000c01d  _Speed_run           
1     00007040  _SpiaRegs            
1     00007010  _SysCtrlRegs         
1     0000c002  _T1Period            
1     0000c003  _T1Period_2          
1     0000c004  _T3Period            
0     0033848b  _TINT0_ISR           
1     0000c15e  _Ta                  
1     0000c182  _Ta_2                
1     0000c160  _Tb                  
1     0000c184  _Tb_2                
1     0000c162  _Tc                  
1     0000c186  _Tc_2                
1     0000c03e  _Tmp                 
1     0000c040  _Tmp_2               
1     0000c026  _TotalCnt            
1     0000c02b  _TotalCnt_2          
1     0000c088  _TotalPulse          
1     0000c08a  _TotalPulse_2        
0     0033843b  _USER10_ISR          
0     00338445  _USER11_ISR          
0     0033844f  _USER12_ISR          
0     003383e1  _USER1_ISR           
0     003383eb  _USER2_ISR           
0     003383f5  _USER3_ISR           
0     003383ff  _USER4_ISR           
0     00338409  _USER5_ISR           
0     00338413  _USER6_ISR           
0     0033841d  _USER7_ISR           
0     00338427  _USER8_ISR           
0     00338431  _USER9_ISR           
1     0000c1f2  _U_dc                
1     0000c1f4  _U_dc_2              
1     0000c1d8  _U_dc_dis            
1     0000c1d9  _U_dc_dis_2          
1     0000c146  _Ualfa               
1     0000c16a  _Ualfa_2             
1     0000c148  _Ubeta               
1     0000c16c  _Ubeta_2             
1     0000c14a  _Ud                  
1     0000c16e  _Ud_2                
1     0000c14c  _Uq                  
1     0000c170  _Uq_2                
0     00338495  _WAKEINT_ISR         
1     0000c154  _X                   
0     0033846d  _XINT1_ISR           
0     00338477  _XINT2_ISR           
0     00338657  _XINT3_ISR           
0     00338661  _XINT4_ISR           
0     0033866b  _XINT5_ISR           
0     00338675  _XINT6_ISR           
0     0033867f  _XINT7_ISR           
1     00007070  _XIntruptRegs        
1     0000c178  _X_2                 
1     00000b20  _XintfRegs           
1     0000c156  _Y                   
1     0000c17a  _Y_2                 
1     0000c158  _Z                   
1     0000c17c  _Z_2                 
1     0000c031  _ZhengFan            
1     0000c033  _ZhengFan_2          
0     00328070  __IQ15cosPU          
0     00328000  __IQ15div            
0     00328047  __IQ15sinPU          
0     00328097  __IQ15toF            
1     00000800  __STACK_END          
abs   00000400  __STACK_SIZE         
abs   00000001  __TI_args_main       
abs   ffffffff  ___TI_pprof_out_hndl 
abs   ffffffff  ___TI_prof_data_size 
abs   ffffffff  ___TI_prof_data_start
abs   ffffffff  ___binit__           
abs   ffffffff  ___c_args__          
0     00339655  ___cinit__           
0     00339655  ___etext__           
abs   ffffffff  ___pinit__           
0     00338000  ___text__            
0     003395dc  __args_main          
1     0000c272  __cleanup_ptr        
1     0000c274  __dtors_ptr          
1     0000c1fc  __lock               
0     0033964c  __nop                
0     00339648  __register_lock      
0     00339644  __register_unlock    
1     00000400  __stack              
1     0000c1fa  __unlock             
0     003395f7  _abort               
1     0000c200  _addr_tab            
0     0033945a  _c_int00             
1     0000c264  _ch454_key           
0     003387db  _ch454_write         
0     00338994  _deal_key            
0     00338825  _deal_key_lcd        
0     0033903a  _eva_close           
0     00338e55  _eva_close_2         
0     00338ffa  _eva_open            
0     0033901a  _eva_open_2          
0     003395f9  _exit                
0     00338078  _hanzi_Disp          
1     0000c034  _i                   
1     0000c0a2  _ia                  
1     0000c0a8  _ia_2                
1     0000c0ae  _ialfa               
1     0000c0b6  _ialfa_2             
1     0000c0a4  _ib                  
1     0000c0aa  _ib_2                
1     0000c0b0  _ibeta               
1     0000c0b8  _ibeta_2             
1     0000c0a6  _ic                  
1     0000c0ac  _ic_2                
1     0000c0b2  _id                  
1     0000c0ba  _id_2                
0     003386bf  _iic_delay           
1     0000c0b4  _iq                  
1     0000c0bc  _iq_2                
1     0000c036  _j                   
1     0000c038  _k                   
1     0000c1fe  _lcd_dis_flag        
1     0000c240  _mBCD                
0     00338c2d  _main                
0     003386a7  _rsvd_ISR            
1     0000c276  _speed_dis           
1     0000c023  _speed_give          
1     0000c028  _speed_give_2        
1     0000c15a  _t1                  
1     0000c17e  _t1_2                
1     0000c15c  _t2                  
1     0000c180  _t2_2                
abs   ffffffff  binit                
0     00339655  cinit                
0     0033fff6  code_start           
0     00339655  etext                
abs   ffffffff  pinit                


GLOBAL SYMBOLS: SORTED BY Symbol Address 

page  address   name                 
----  -------   ----                 
0     00008000  _EPWM_1_INT          
0     00008000  _RamfuncsRunStart    
0     00008e91  _Ad_CaiJi            
0     00009093  _JiSuan_Dl           
0     0000924a  _IPM_BaoHu           
0     0000928f  _Read_key            
0     000092af  _InitFlash           
0     000092ca  _DSP28x_usDelay      
0     00320000  _RamfuncsLoadStart   
0     003212ce  _RamfuncsLoadEnd     
0     00328000  __IQ15div            
0     00328047  __IQ15sinPU          
0     00328070  __IQ15cosPU          
0     00328097  __IQ15toF            
0     00338000  .text                
0     00338000  _DelayUS2            
0     00338000  ___text__            
0     0033800d  _Init_lcd_Gpio       
0     0033801f  _LCD_SendByte        
0     00338050  _Lcd_WriteCmd        
0     00338064  _Lcd_WriteData       
0     00338078  _hanzi_Disp          
0     00338094  _Init_lcd            
0     003380cf  _Lcd_Dis_Udc         
0     0033812f  _Lcd_Dis_RPM         
0     003381a4  _Lcd_Dis_DL          
0     00338264  _Lcd_Dis_sheding     
0     00338372  _LCD_DIS             
0     0033839b  _INT13_ISR           
0     003383a5  _INT14_ISR           
0     003383af  _DATALOG_ISR         
0     003383b9  _RTOSINT_ISR         
0     003383c3  _EMUINT_ISR          
0     003383cd  _NMI_ISR             
0     003383d7  _ILLEGAL_ISR         
0     003383e1  _USER1_ISR           
0     003383eb  _USER2_ISR           
0     003383f5  _USER3_ISR           
0     003383ff  _USER4_ISR           
0     00338409  _USER5_ISR           
0     00338413  _USER6_ISR           
0     0033841d  _USER7_ISR           
0     00338427  _USER8_ISR           
0     00338431  _USER9_ISR           
0     0033843b  _USER10_ISR          
0     00338445  _USER11_ISR          
0     0033844f  _USER12_ISR          
0     00338459  _SEQ1INT_ISR         
0     00338463  _SEQ2INT_ISR         
0     0033846d  _XINT1_ISR           
0     00338477  _XINT2_ISR           
0     00338481  _ADCINT_ISR          
0     0033848b  _TINT0_ISR           
0     00338495  _WAKEINT_ISR         
0     0033849f  _EPWM1_TZINT_ISR     
0     003384a9  _EPWM2_TZINT_ISR     
0     003384b3  _EPWM3_TZINT_ISR     
0     003384bd  _EPWM4_TZINT_ISR     
0     003384c7  _EPWM5_TZINT_ISR     
0     003384d1  _EPWM6_TZINT_ISR     
0     003384db  _EPWM1_INT_ISR       
0     003384e5  _EPWM2_INT_ISR       
0     003384ef  _EPWM3_INT_ISR       
0     003384f9  _EPWM4_INT_ISR       
0     00338503  _EPWM5_INT_ISR       
0     0033850d  _EPWM6_INT_ISR       
0     00338517  _ECAP1_INT_ISR       
0     00338521  _ECAP2_INT_ISR       
0     0033852b  _ECAP3_INT_ISR       
0     00338535  _ECAP4_INT_ISR       
0     0033853f  _ECAP5_INT_ISR       
0     00338549  _ECAP6_INT_ISR       
0     00338553  _EQEP1_INT_ISR       
0     0033855d  _EQEP2_INT_ISR       
0     00338567  _SPIRXINTA_ISR       
0     00338571  _SPITXINTA_ISR       
0     0033857b  _MRINTB_ISR          
0     00338585  _MXINTB_ISR          
0     0033858f  _MRINTA_ISR          
0     00338599  _MXINTA_ISR          
0     003385a3  _DINTCH1_ISR         
0     003385ad  _DINTCH2_ISR         
0     003385b7  _DINTCH3_ISR         
0     003385c1  _DINTCH4_ISR         
0     003385cb  _DINTCH5_ISR         
0     003385d5  _DINTCH6_ISR         
0     003385df  _I2CINT1A_ISR        
0     003385e9  _I2CINT2A_ISR        
0     003385f3  _SCIRXINTC_ISR       
0     003385fd  _SCITXINTC_ISR       
0     00338607  _SCIRXINTA_ISR       
0     00338611  _SCITXINTA_ISR       
0     0033861b  _SCIRXINTB_ISR       
0     00338625  _SCITXINTB_ISR       
0     0033862f  _ECAN0INTA_ISR       
0     00338639  _ECAN1INTA_ISR       
0     00338643  _ECAN0INTB_ISR       
0     0033864d  _ECAN1INTB_ISR       
0     00338657  _XINT3_ISR           
0     00338661  _XINT4_ISR           
0     0033866b  _XINT5_ISR           
0     00338675  _XINT6_ISR           
0     0033867f  _XINT7_ISR           
0     00338689  _LVF_ISR             
0     00338693  _LUF_ISR             
0     0033869d  _PIE_RESERVED        
0     003386a7  _rsvd_ISR            
0     003386b1  _Init_DIs_Gpio       
0     003386bf  _iic_delay           
0     00338721  _CH454_I2c_Start     
0     0033873d  _CH454_I2c_Stop      
0     0033875e  _CH454_I2c_WrByte    
0     003387a0  _CH454_I2c_RdByte    
0     003387db  _ch454_write         
0     003387ec  _CH454_Read          
0     003387fe  _Init_ch454          
0     00338825  _deal_key_lcd        
0     00338994  _deal_key            
0     00338997  _InitEPwm            
0     00338998  _QEP_Init            
0     003389e0  _InitEPwm_1_2_3      
0     00338b34  _InitEPwmGpio        
0     00338b37  _InitEPwm1Gpio       
0     00338b89  _InitEPwm2Gpio       
0     00338b97  _InitEPwm3Gpio       
0     00338bab  _InitEPwm4Gpio       
0     00338bbf  _InitEPwm5Gpio       
0     00338bd1  _InitEPwm6Gpio       
0     00338be3  _InitEPwmSyncGpio    
0     00338bf7  _InitTzGpio          
0     00338c2d  _main                
0     00338cc0  _Init_SiShu          
0     00338e55  _eva_close_2         
0     00338ead  _InitGpio            
0     00338fae  _Init_Scib_Gpio      
0     00338fc2  _Init_Scic_Gpio      
0     00338fd8  _CPU_RUN             
0     00338ffa  _eva_open            
0     0033901a  _eva_open_2          
0     0033903a  _eva_close           
0     003390a0  _InitSci_B           
0     003390b8  _InitSci_C           
0     003390d0  _ShowDisp            
0     003391c7  _InitSysCtrl         
0     003391d0  _ServiceDog          
0     003391da  _DisableDog          
0     003391e2  _InitPll             
0     00339233  _InitPeripheralClocks
0     0033928c  _CsmUnlock           
0     003392bd  _DelayUS             
0     003392ca  _InitAdc             
0     003392de  _DC_Link             
0     0033934f  FS$$DIV              
0     003393d7  FD$$MPY              
0     0033945a  _c_int00             
0     003394a0  _InitSpi             
0     003394b1  _InitSpiGpio         
0     003394b4  _InitSpiaGpio        
0     003394d4  L$$DIV               
0     003394e3  L$$MOD               
0     003394f1  UL$$DIV              
0     003394f8  UL$$MOD              
0     003394fe  _InitPieCtrl         
0     0033951d  _EnableInterrupts    
0     00339526  _SCIBRX_ISR          
0     00339537  _INT3_ISR            
0     00339548  _InitPieVectTable    
0     00339568  FD$$TOL              
0     00339587  I$$TOFD              
0     003395a4  FS$$TOFD             
0     003395c0  L$$TOFD              
0     003395dc  __args_main          
0     003395f7  C$$EXIT              
0     003395f7  _abort               
0     003395f9  _exit                
0     00339610  UL$$TOFD             
0     00339626  _MemCopy             
0     00339639  U$$DIV               
0     0033963e  U$$MOD               
0     00339644  __register_unlock    
0     00339648  __register_lock      
0     0033964c  __nop                
0     00339655  ___cinit__           
0     00339655  ___etext__           
0     00339655  cinit                
0     00339655  etext                
0     00339c64  _PieVectTableInit    
0     0033fff6  code_start           
0     00380080  _ADC_cal             
0     003fe000  _IQsinTable          
0     003fe100  _IQcosTable          
0     003fe400  _IQsinTableEnd       
0     003fe502  _IQcosTableEnd       
0     003fe502  _IQdivRoundSatTable  
0     003fe510  _IQdivTable          
0     003fe712  _IQdivTableEnd       
0     003fe712  _IQisqrtRoundSatTable
0     003fe712  _IQsqrtRoundSatTable 
0     003fe722  _IQisqrtTable        
0     003fe722  _IQsqrtTable         
0     003fe824  _IQatan2HalfPITable  
0     003fe824  _IQisqrtTableEnd     
0     003fe824  _IQsqrtTableEnd      
0     003fe862  _IQatan2Table        
0     003fe9e8  _IQ30mpyRndSatTable  
0     003fe9e8  _IQatan2TableEnd     
0     003fe9e8  _IQmpyRndSatTable    
0     003fe9f4  _IQ29mpyRndSatTable  
0     003fea00  _IQ28mpyRndSatTable  
0     003fea0c  _IQ27mpyRndSatTable  
0     003fea18  _IQ26mpyRndSatTable  
0     003fea24  _IQ25mpyRndSatTable  
0     003fea30  _IQ24mpyRndSatTable  
0     003fea3c  _IQ23mpyRndSatTable  
0     003fea48  _IQ22mpyRndSatTable  
0     003fea54  _IQ21mpyRndSatTable  
0     003fea60  _IQ20mpyRndSatTable  
0     003fea6c  _IQ19mpyRndSatTable  
0     003fea78  _IQ18mpyRndSatTable  
0     003fea84  _IQ17mpyRndSatTable  
0     003fea90  _IQ16mpyRndSatTable  
0     003fea9c  _IQ15mpyRndSatTable  
0     003feaa8  _IQ14mpyRndSatTable  
0     003feab4  _IQ13mpyRndSatTable  
0     003feac0  _IQ12mpyRndSatTable  
0     003feacc  _IQ11mpyRndSatTable  
0     003fead8  _IQ10mpyRndSatTable  
0     003feae4  _IQ9mpyRndSatTable   
0     003feaf0  _IQ8mpyRndSatTable   
0     003feafc  _IQ7mpyRndSatTable   
0     003feb08  _IQ6mpyRndSatTable   
0     003feb14  _IQ5mpyRndSatTable   
0     003feb20  _IQ4mpyRndSatTable   
0     003feb2c  _IQ3mpyRndSatTable   
0     003feb38  _IQ2mpyRndSatTable   
0     003feb44  _IQ1mpyRndSatTable   
0     003feb50  _IQmpyRndSatTableEnd 
1     00000400  __stack              
1     00000800  __STACK_END          
1     00000880  _DevEmuRegs          
1     00000a80  _FlashRegs           
1     00000ae0  _CsmRegs             
1     00000b00  _AdcMirror           
1     00000b20  _XintfRegs           
1     00000c00  _CpuTimer0Regs       
1     00000c08  _CpuTimer1Regs       
1     00000c10  _CpuTimer2Regs       
1     00000ce0  _PieCtrlRegs         
1     00000d00  _PieVectTable        
1     00001000  _DmaRegs             
1     00005000  _McbspaRegs          
1     00005040  _McbspbRegs          
1     00006000  _ECanaRegs           
1     00006040  _ECanaLAMRegs        
1     00006080  _ECanaMOTSRegs       
1     000060c0  _ECanaMOTORegs       
1     00006100  _ECanaMboxes         
1     00006200  _ECanbRegs           
1     00006240  _ECanbLAMRegs        
1     00006280  _ECanbMOTSRegs       
1     000062c0  _ECanbMOTORegs       
1     00006300  _ECanbMboxes         
1     00006800  _EPwm1Regs           
1     00006840  _EPwm2Regs           
1     00006880  _EPwm3Regs           
1     000068c0  _EPwm4Regs           
1     00006900  _EPwm5Regs           
1     00006940  _EPwm6Regs           
1     00006a00  _ECap1Regs           
1     00006a20  _ECap2Regs           
1     00006a40  _ECap3Regs           
1     00006a60  _ECap4Regs           
1     00006a80  _ECap5Regs           
1     00006aa0  _ECap6Regs           
1     00006b00  _EQep1Regs           
1     00006b40  _EQep2Regs           
1     00006f80  _GpioCtrlRegs        
1     00006fc0  _GpioDataRegs        
1     00006fe0  _GpioIntRegs         
1     00007010  _SysCtrlRegs         
1     00007040  _SpiaRegs            
1     00007050  _SciaRegs            
1     00007070  _XIntruptRegs        
1     00007100  _AdcRegs             
1     00007750  _ScibRegs            
1     00007770  _ScicRegs            
1     00007900  _I2caRegs            
1     0000c000  _IsrTicker           
1     0000c001  _BackTicker          
1     0000c002  _T1Period            
1     0000c003  _T1Period_2          
1     0000c004  _T3Period            
1     0000c005  _MPeriod             
1     0000c006  _MPeriod_2           
1     0000c007  _PlaceSetBit         
1     0000c008  _PlaceSetBit_2       
1     0000c009  _LocationFlag        
1     0000c00a  _LocationEnd         
1     0000c00b  _Position            
1     0000c00c  _LocationFlag_2      
1     0000c00d  _LocationEnd_2       
1     0000c00e  _Position_2          
1     0000c00f  _PositionPhase60     
1     0000c010  _PositionPhase120    
1     0000c011  _PositionPhase180    
1     0000c012  _PositionPhase240    
1     0000c013  _PositionPhase300    
1     0000c014  _PositionPhase360    
1     0000c015  _SpeedLoopPrescaler  
1     0000c016  _SpeedLoopCount      
1     0000c017  _Hall_Fault          
1     0000c018  _SpeedLoopPrescaler_2
1     0000c019  _SpeedLoopCount_2    
1     0000c01a  _Hall_Fault_2        
1     0000c01b  _DirectionQep        
1     0000c01c  _DirectionQep_2      
1     0000c01d  _Speed_run           
1     0000c01e  _Speed_2run          
1     0000c01f  _Sector              
1     0000c020  _Sector_2            
1     0000c021  _Run_PMSM            
1     0000c022  _Run_PMSM_2          
1     0000c023  _speed_give          
1     0000c024  _HallAngle           
1     0000c025  _BuChang             
1     0000c026  _TotalCnt            
1     0000c027  _ShangDian_Err       
1     0000c028  _speed_give_2        
1     0000c029  _HallAngle_2         
1     0000c02a  _BuChang_2           
1     0000c02b  _TotalCnt_2          
1     0000c02c  _ShangDian_Err_2     
1     0000c02d  _KEY_Type            
1     0000c02e  _PlaceEnable         
1     0000c02f  _PlaceEnable_2       
1     0000c030  _BaseSpeed           
1     0000c031  _ZhengFan            
1     0000c032  _BaseSpeed_2         
1     0000c033  _ZhengFan_2          
1     0000c034  _i                   
1     0000c036  _j                   
1     0000c038  _k                   
1     0000c03a  _Modulation          
1     0000c03c  _Modulation_2        
1     0000c03e  _Tmp                 
1     0000c040  _Tmp_2               
1     0000c042  _PlaceError          
1     0000c044  _Place_now           
1     0000c046  _Now_P               
1     0000c048  _OutPreSat_Place     
1     0000c04a  _PlaceError_2        
1     0000c04c  _Place_now_2         
1     0000c04e  _Now_P_2             
1     0000c050  _OutPreSat_Place_2   
1     0000c052  _PosCount            
1     0000c054  _PosCount_2          
1     0000c056  _MfuncF1             
1     0000c058  _MfuncF2             
1     0000c05a  _MfuncF3             
1     0000c05c  _DACTemp0            
1     0000c05e  _DACTemp1            
1     0000c060  _DACTemp2            
1     0000c062  _MfuncC1             
1     0000c064  _MfuncC2             
1     0000c066  _MfuncC3             
1     0000c068  _NewRawTheta         
1     0000c06a  _OldRawTheta         
1     0000c06c  _SpeedRpm            
1     0000c06e  _RawThetaTmp         
1     0000c070  _SpeedRef            
1     0000c072  _Speed               
1     0000c074  _NewRawTheta_2       
1     0000c076  _OldRawTheta_2       
1     0000c078  _SpeedRpm_2          
1     0000c07a  _RawThetaTmp_2       
1     0000c07c  _SpeedRef_2          
1     0000c07e  _Speed_2             
1     0000c080  _RawTheta            
1     0000c082  _OldRawThetaPos      
1     0000c084  _RawTheta_2          
1     0000c086  _OldRawThetaPos_2    
1     0000c088  _TotalPulse          
1     0000c08a  _TotalPulse_2        
1     0000c08c  _MechTheta           
1     0000c08e  _ElecTheta           
1     0000c090  _AnglePU             
1     0000c092  _Cosine              
1     0000c094  _Sine                
1     0000c096  _MechTheta_2         
1     0000c098  _ElecTheta_2         
1     0000c09a  _AnglePU_2           
1     0000c09c  _Cosine_2            
1     0000c09e  _Sine_2              
1     0000c0a0  _RS232_CNT           
1     0000c0a2  _ia                  
1     0000c0a4  _ib                  
1     0000c0a6  _ic                  
1     0000c0a8  _ia_2                
1     0000c0aa  _ib_2                
1     0000c0ac  _ic_2                
1     0000c0ae  _ialfa               
1     0000c0b0  _ibeta               
1     0000c0b2  _id                  
1     0000c0b4  _iq                  
1     0000c0b6  _ialfa_2             
1     0000c0b8  _ibeta_2             
1     0000c0ba  _id_2                
1     0000c0bc  _iq_2                
1     0000c0be  _ID_Given            
1     0000c0c0  _ID_Ref              
1     0000c0c2  _ID_Fdb              
1     0000c0c4  _ID_Error            
1     0000c0c6  _ID_Up               
1     0000c0c8  _ID_Up1              
1     0000c0ca  _ID_Ui               
1     0000c0cc  _ID_OutPreSat        
1     0000c0ce  _ID_SatError         
1     0000c0d0  _ID_OutMax           
1     0000c0d2  _ID_OutMin           
1     0000c0d4  _ID_Out              
1     0000c0d6  _IQ_Given            
1     0000c0d8  _IQ_Ref              
1     0000c0da  _IQ_Fdb              
1     0000c0dc  _IQ_Error            
1     0000c0de  _IQ_Up               
1     0000c0e0  _IQ_Up1              
1     0000c0e2  _IQ_Ui               
1     0000c0e4  _IQ_OutPreSat        
1     0000c0e6  _IQ_SatError         
1     0000c0e8  _IQ_OutMax           
1     0000c0ea  _IQ_OutMin           
1     0000c0ec  _IQ_Out              
1     0000c0ee  _Speed_Given         
1     0000c0f0  _Speed_Ref           
1     0000c0f2  _Speed_Fdb           
1     0000c0f4  _Speed_Error         
1     0000c0f6  _Speed_Up            
1     0000c0f8  _Speed_Ui            
1     0000c0fa  _Speed_OutPreSat     
1     0000c0fc  _Speed_SatError      
1     0000c0fe  _Speed_OutMax        
1     0000c100  _Speed_OutMin        
1     0000c102  _Speed_Out           
1     0000c104  _ID_2Given           
1     0000c106  _ID_2Ref             
1     0000c108  _ID_2Fdb             
1     0000c10a  _ID_2Error           
1     0000c10c  _ID_2Up              
1     0000c10e  _ID_2Ui              
1     0000c110  _ID_2OutPreSat       
1     0000c112  _ID_2SatError        
1     0000c114  _ID_2OutMax          
1     0000c116  _ID_2OutMin          
1     0000c118  _ID_2Out             
1     0000c11a  _IQ_2Given           
1     0000c11c  _IQ_2Ref             
1     0000c11e  _IQ_2Fdb             
1     0000c120  _IQ_2Error           
1     0000c122  _IQ_2Up              
1     0000c124  _IQ_2Ui              
1     0000c126  _IQ_2OutPreSat       
1     0000c128  _IQ_2SatError        
1     0000c12a  _IQ_2OutMax          
1     0000c12c  _IQ_2OutMin          
1     0000c12e  _IQ_2Out             
1     0000c130  _Speed_2Given        
1     0000c132  _Speed_2Ref          
1     0000c134  _Speed_2Fdb          
1     0000c136  _Speed_2Error        
1     0000c138  _Speed_2Up           
1     0000c13a  _Speed_2Ui           
1     0000c13c  _Speed_2OutPreSat    
1     0000c13e  _Speed_2SatError     
1     0000c140  _Speed_2OutMax       
1     0000c142  _Speed_2OutMin       
1     0000c144  _Speed_2Out          
1     0000c146  _Ualfa               
1     0000c148  _Ubeta               
1     0000c14a  _Ud                  
1     0000c14c  _Uq                  
1     0000c14e  _B0                  
1     0000c150  _B1                  
1     0000c152  _B2                  
1     0000c154  _X                   
1     0000c156  _Y                   
1     0000c158  _Z                   
1     0000c15a  _t1                  
1     0000c15c  _t2                  
1     0000c15e  _Ta                  
1     0000c160  _Tb                  
1     0000c162  _Tc                  
1     0000c164  _MfuncD1             
1     0000c166  _MfuncD2             
1     0000c168  _MfuncD3             
1     0000c16a  _Ualfa_2             
1     0000c16c  _Ubeta_2             
1     0000c16e  _Ud_2                
1     0000c170  _Uq_2                
1     0000c172  _B0_2                
1     0000c174  _B1_2                
1     0000c176  _B2_2                
1     0000c178  _X_2                 
1     0000c17a  _Y_2                 
1     0000c17c  _Z_2                 
1     0000c17e  _t1_2                
1     0000c180  _t2_2                
1     0000c182  _Ta_2                
1     0000c184  _Tb_2                
1     0000c186  _Tc_2                
1     0000c188  _MfuncD1_2           
1     0000c18a  _MfuncD2_2           
1     0000c18c  _MfuncD3_2           
1     0000c18e  _MechScaler          
1     0000c190  _SpeedScaler         
1     0000c192  _RawCnt1             
1     0000c194  _RawCnt2             
1     0000c196  _MechScaler_2        
1     0000c198  _SpeedScaler_2       
1     0000c19a  _RawCnt1_2           
1     0000c19c  _RawCnt2_2           
1     0000c19e  _Speed_Kp            
1     0000c1a0  _Speed_Ki            
1     0000c1a2  _IQ_Kp               
1     0000c1a4  _IQ_Ki               
1     0000c1a6  _ID_Kp               
1     0000c1a8  _ID_Ki               
1     0000c1aa  _Speed_2Kp           
1     0000c1ac  _Speed_2Ki           
1     0000c1ae  _IQ_2Kp              
1     0000c1b0  _IQ_2Ki              
1     0000c1b2  _ID_2Kp              
1     0000c1b4  _ID_2Ki              
1     0000c1b6  _PlaceSet            
1     0000c1b8  _PlaceSet_2          
1     0000c1ba  _E_Ding_DianLiu      
1     0000c1bc  _BaseRpm             
1     0000c1be  _PolePairs           
1     0000c1c0  _LineEncoder         
1     0000c1c2  _Offset_Angle        
1     0000c1c4  _E_Ding_DianLiu_2    
1     0000c1c6  _BaseRpm_2           
1     0000c1c8  _PolePairs_2         
1     0000c1ca  _LineEncoder_2       
1     0000c1cc  _Offset_Angle_2      
1     0000c1ce  _I_A                 
1     0000c1cf  _I_B                 
1     0000c1d0  _I_C                 
1     0000c1d1  _I_A_2               
1     0000c1d2  _I_B_2               
1     0000c1d3  _I_C_2               
1     0000c1d4  _HALL_U              
1     0000c1d5  _HALL_W              
1     0000c1d6  _HALL_U_2            
1     0000c1d7  _HALL_W_2            
1     0000c1d8  _U_dc_dis            
1     0000c1d9  _U_dc_dis_2          
1     0000c1da  _GuoliuZhi           
1     0000c1db  _GuoliuZhi_2         
1     0000c1dc  _O_Current           
1     0000c1dd  _O_Current_2         
1     0000c1de  _DC_ON_flag          
1     0000c1df  _DC_ON_OPEN          
1     0000c1e0  _DC_ON_flag_2        
1     0000c1e1  _DC_ON_OPEN_2        
1     0000c1e4  _AdcResult           
1     0000c1e6  _IA_MAX              
1     0000c1e8  _IB_MAX              
1     0000c1ea  _IC_MAX              
1     0000c1ec  _IA_2_MAX            
1     0000c1ee  _IB_2_MAX            
1     0000c1f0  _IC_2_MAX            
1     0000c1f2  _U_dc                
1     0000c1f4  _U_dc_2              
1     0000c1f6  _DC_ON_CNT           
1     0000c1f8  _DC_ON_CNT_2         
1     0000c1fa  __unlock             
1     0000c1fc  __lock               
1     0000c1fe  _lcd_dis_flag        
1     0000c200  _addr_tab            
1     0000c220  _CpuTimer0           
1     0000c228  _CpuTimer1           
1     0000c230  _CpuTimer2           
1     0000c238  _IPM_Fault           
1     0000c239  _IPM_Fault_2         
1     0000c240  _mBCD                
1     0000c254  _AD_BUF              
1     0000c264  _ch454_key           
1     0000c265  _Key_Flag            
1     0000c266  _Show_time           
1     0000c267  _Show_time2          
1     0000c26b  _Lcd_Dat             
1     0000c272  __cleanup_ptr        
1     0000c274  __dtors_ptr          
1     0000c276  _speed_dis           
1     0000c277  _Speed_dis_2         
1     0033fff8  _CsmPwl              
1     00380090  _PartIdRegs          
abs   00000001  __TI_args_main       
abs   00000400  __STACK_SIZE         
abs   ffffffff  ___TI_pprof_out_hndl 
abs   ffffffff  ___TI_prof_data_size 
abs   ffffffff  ___TI_prof_data_start
abs   ffffffff  ___binit__           
abs   ffffffff  ___c_args__          
abs   ffffffff  ___pinit__           
abs   ffffffff  binit                
abs   ffffffff  pinit                

[607 symbols]
